=== 训练期（2025-01-01 ~ 01-31）β 选择：两种执行规则各选一次 ===
  连续回放，E(1/1 0:00) = 6000 kWh；只用于选参，不用评价期。

     β |     C 规则(must/planned) |        S1 规则(must/max)
       |               1月总费用/万元 |               1月总费用/万元
------------------------------------------------------------
  0.50 |               270.1223 |               267.2561
  0.60 |               265.6515 |               262.2783
  0.70 |               263.0200 |               261.0777
  0.80 |               263.2642 |               262.8407
  0.90 |               265.7372 |               265.7289
  0.95 |               267.7599 |               267.7715
  → C 规则 must/planned：β* = 0.70（1月费用 263.0200 万元）
  → S1 规则 must/max：β* = 0.70（1月费用 261.0777 万元）

=== 评价期（2025-02-01 ~ 12-31，334 天；公共预热 E=10800）===
  说明：β 只用 1 月选出；此处仅报告，不用于选参。

执行规则                     β      总费用/万元      计划/万元      紧急/万元      紧急电量/kWh     紧急日数
------------------------------------------------------------------------------------
C 规则 must/planned     0.70   1775.9067  1485.8619   290.0448      464609.1      218  ← 沿用
S1 规则 must/max        0.70   1719.7084  1486.0725   233.6358      376197.1      208  ← 沿用

  附：S1 规则下评价期费用随 β 的曲线（仅展示，不用于选参）
    β=0.50: 1967.3066 万元
    β=0.60: 1816.9268 万元
    β=0.70: 1719.7084 万元 ← 1月选出
    β=0.80: 1665.9895 万元
    β=0.90: 1653.2878 万元
    β=0.95: 1672.6355 万元

=== 紧急电量分解（S1，β=0.70，评价期）===
  恒等式校验：max|e_P + e_E − e_实际| = 1.137e-13 kWh ✔ 精确成立

分量                                电量/kWh       占比       费用/万元       占比
------------------------------------------------------------------------
功率受限 e^P = (D−Q)⁺                15348.2     4.1%     10.0351     4.3%
储能受限 e^E = min(D,Q)−min(D,Q,A)      360848.9    95.9%    223.6007    95.7%
合计                              376197.1   100.0%    233.6358   100.0%

  其中高价区间（p ≥ 1.2500 元/kWh）：功率受限 12938.1 kWh、储能受限 241449.9 kWh
  功率受限 Top-5 时段：20:20-20:30(1465)，20:00-20:10(1397)，19:20-19:30(1293)，20:30-20:40(1287)，18:50-19:00(1275)
  储能受限 Top-5 时段：20:30-20:40(84580)，20:20-20:30(55666)，20:10-20:20(28990)，20:00-20:10(25073)，19:50-20:00(16560)

说明：e^P/e^E 是**有明确顺序的会计分解**（先检查功率上限 Q，再检查可用电量 A），
      不声称两类物理原因完全独立，也不是扩容收益的因果估计。
