========================================================================================================
§20 期末下限 L 的因果可实施化检验（(β, L) 联合 walk-forward 选参）
========================================================================================================
  候选 66 个 = β 11 个 × 期末规则 6 个（cycle，或 geq：L ∈ [1200.0, 3240.0, 6480.0, 9720.0, 10800.0]）
  评价期 2025-02-01 ~ 2025-12-31（334 天）；公共预热 E = 10800 kWh；W = 14
  纪律：训练费来自连续回放；第 m 月只用该月之前的数据；评价期只用于报告。

--------------------------------------------------------------------------------------------------------
1. 逐候选训练回放（从 1/1、E=6000 起跑，取累计 J 前缀）
--------------------------------------------------------------------------------------------------------
    已完成 12/66 个候选（26s）
    已完成 24/66 个候选（52s）
    已完成 36/66 个候选（77s）
    已完成 48/66 个候选（103s）
    已完成 60/66 个候选（129s）

  [内部对拍] 仅用 cycle 的因果日程 → 1667.8217 万元（§16 的 V1 = 1667.8217，差 -0.0000）

--------------------------------------------------------------------------------------------------------
2. [因果·可实施] 逐月 (β, L) 日程（第 m 月只用该月之前的数据）
--------------------------------------------------------------------------------------------------------
     月       β          期末规则     L/kWh   训练至
     2    0.70           geq      3240   2025-01-31
     3    0.65           geq      3240   2025-02-28
     4    0.65           geq      3240   2025-03-31
     5    0.70           geq      3240   2025-04-30
     6    0.75           geq      3240   2025-05-31
     7    0.85           geq      3240   2025-06-30
     8    0.85           geq      3240   2025-07-31
     9    0.85           geq      3240   2025-08-31
    10    0.85           geq      3240   2025-09-30
    11    0.85           geq      3240   2025-10-31
    12    0.85           geq      3240   2025-11-30
  ⇒ 11 个月中，选到 geq（不要求回满）的有 11 个；选到低下限 (L ≤ 3240) 的有 11 个。

--------------------------------------------------------------------------------------------------------
3. 评价期结果（公共预热 2/1 起评 E=10800；必须复现 V0=1719.7084）
--------------------------------------------------------------------------------------------------------

  版本                              计划/万元      紧急/万元       总费用/万元      紧急电量/kWh      弃置/kWh
  V0 原 S1 (β=0.70,cycle)      1486.0725   233.6358    1719.7084      376197.1   5331570.7
  V1 因果 β (cycle)             1524.2498   143.5719    1667.8217      230423.7   5767107.9
  §20 因果 (β,L)                1492.3916   132.5897    1624.9813      213141.5   4985274.8

  相对 V0 的差额：
    V0 原 S1 (β=0.70,cycle)        +0.0000 万元（计划  +0.0000，紧急  +0.0000）
    V1 因果 β (cycle)              -51.8867 万元（计划 +38.1773，紧急 -90.0639）
    §20 因果 (β,L)                 -94.7271 万元（计划  +6.3190，紧急 -101.0461）

  尾部与库存风险：
  版本                              大紧急天数     日紧急P99      单日最坏      日均起始SOC      触底天数     年末SOC
  V0 原 S1 (β=0.70,cycle)             96     7.3469    9.3353      10627.8       184   10535.0
  V1 因果 β (cycle)                    55     7.3469    9.3353      10665.0       150   10800.0
  §20 因果 (β,L)                       53     5.9481    8.9715       5505.0       146    3421.4

--------------------------------------------------------------------------------------------------------
3b. 归因：V1 → §20 的 −42.8404 万元里，多少是 L 本身、多少是 β 重选
--------------------------------------------------------------------------------------------------------
  A = V1（cycle β 日程 + cycle）              = 1667.8217 万元
  B = 同一 β 日程 + geq 3240（只换期末规则）   = 1631.2041 万元   Δ(L 本身)      = -36.6176
  C = §20 因果 (β,L) 联合日程                = 1624.9813 万元   Δ(L 下 β 重选) = -6.2228
  合计 vs V1 = -42.8404 万元；对照 L=1200 相对 V1 = -34.8056 万元（3240 优于完全放开 -1.8120）

--------------------------------------------------------------------------------------------------------
4. 公平性：终端储能估值折算（低 L 会让库存下漂，必须补回）
--------------------------------------------------------------------------------------------------------
  λ ∈ [0.3713, 1.3952] 元/kWh（中值 0.7662）；η_c = 0.9
  版本                             年末SOC      库存缺口        原总费         λ低         λ中         λ高
  V0 原 S1 (β=0.70,cycle)       10535.0     265.0  1719.7084  1719.7193  1719.7309  1719.7495
  V1 因果 β (cycle)              10800.0       0.0  1667.8217  1667.8217  1667.8217  1667.8217
  §20 因果 (β,L)                  3421.4    7378.6  1624.9813  1625.2857  1625.6094  1626.1251

  调整后排序（λ 取中值）：
    1. §20 因果 (β,L)                1625.6094 万元
    2. V1 因果 β (cycle)             1667.8217 万元
    3. V0 原 S1 (β=0.70,cycle)      1719.7309 万元
  ⇒ 若 §20 因果日程在补回库存后仍低于 V1，则该杠杆**可实施且非'吃老本'**。

--------------------------------------------------------------------------------------------------------
5. 事后最优（在评价期上直接挑，**不可实施**，仅供界定空间）
--------------------------------------------------------------------------------------------------------
  期末=cycle    事后最优 β=0.90 → 1653.2878 万元（相对 V0 -66.4206）
  期末=L=3240   事后最优 β=0.90 → 1611.5683 万元（相对 V0 -108.1400）
  期末=L=1200   事后最优 β=0.90 → 1611.4420 万元（相对 V0 -108.2664）

结果已落盘：results/q2_terminal_select.json
总耗时 214s
