========================================================================================================
§29 预测层改造：近期水平 + 星期效应（独立实现，只读）
========================================================================================================
  评价期 2025-02-01 ~ 2025-12-31（334 天）；公共预热 E = 10800
  不动：执行 (must/max greedy)、期末 (≥2400 kWh)、采购层（直接 LP）
  网格：γ ∈ [0.0, 0.25, 0.5, 0.75, 1.0]；β ∈ [0.6, 0.65, 0.7, 0.75, 0.8, 0.85, 0.9]；W ∈ [7, 14, 21]；N_DOW_HIST=6
  协议：每个候选全年回放一次 → 累计 J 前缀 → 第 m 月取累计 J 最小者
  候选总数：7 β × 3 W × 5 γ = 105

[0] 候选生成 + 全年回放（105 个候选，从 day 0 E=6000 kWh 起）
    每候选累计 → cum_j[k]（长度 nd）
    已完成 β=[0.6, 0.65] × W=[7, 14, 21] × γ=[0.0, 0.25, 0.5, 0.75, 1.0]（累计 65s）
    已完成 β=[0.6, 0.65, 0.7, 0.75] × W=[7, 14, 21] × γ=[0.0, 0.25, 0.5, 0.75, 1.0]（累计 128s）
    已完成 β=[0.6, 0.65, 0.7, 0.75, 0.8, 0.85] × W=[7, 14, 21] × γ=[0.0, 0.25, 0.5, 0.75, 1.0]（累计 191s）

[1] 自检：γ=0, β=0.70, W=14 (cycle) ⇒ 评价期必须 = 1719.7084
  γ=0, β=0.70, W=14 (cycle, **无 geq2400**) ⇒ 1719.7084 万元  （与 V0 = 1719.7084 的差 -0.0000）
  注：本脚本使用 geq2400（V5 同口径），因此 baseline 比 V0 低。

[2] 固定 (β=0.70, W=14)，扫描 γ
  1 月末累计 J (元)：γ=0.00: 261.08  γ=0.25: 263.57  γ=0.50: 266.91  γ=0.75: 270.39  γ=1.00: 273.99
  2 月末累计 J (元)：γ=0.00: 408.11  γ=0.25: 405.49  γ=0.50: 404.06  γ=0.75: 403.27  γ=1.00: 403.56
  评价期 (2/1–12/31) 累计 J：
    γ=0.00  → 1719.7084 万元
    γ=0.25  → 1614.6334 万元
    γ=0.50  → 1533.3645 万元
    γ=0.75  → 1471.0650 万元
    γ=1.00  → 1436.8635 万元

[3] (β, W, γ) 联合 walk-forward
     月    β*   W*    γ*
     2  0.60    7  0.25
     3  0.60    7  0.75
     4  0.70    7  1.00
     5  0.70    7  1.00
     6  0.75    7  1.00
     7  0.75    7  1.00
     8  0.75    7  1.00
     9  0.75    7  1.00
    10  0.75    7  1.00
    11  0.75    7  1.00
    12  0.75    7  1.00

[4] 评价期回放（从 2/1 E_FEB1 起）
  V_dow (β, W, γ 联合日程) = 1412.0619 万元

[5] 与已知基线对比
  方案                                             总费用/万元     Δ vs V0
  V0 原 cquant β=0.70, W=14, cycle             1719.7084     +0.0000
  V5 因果分组β + W=7 + geq2400                    1583.7354   -135.9730
  V6 V5 + 库存价值反馈                              1581.6655   -138.0429
  V_dow（仅预测改造）                                1412.0619   -307.6465
  ⇒ 相对 V5（最便宜纯参数可实施）：-171.6735 万元  (更优 ✔)
  ⇒ 相对 V6（最便宜含价值反馈）：-169.6036 万元

[6] 风险指标（评价期）
  方案                            计划        紧急         总    大紧急     P99     日均SOC    触底
  V0 原 cquant β=0.70, W=14, cycle         -         - 1719.7084      -       -         -     -
  V5 因果分组β + W=7 + geq2400         -         - 1583.7354      -       -         -     -
  V6 V5 + 库存价值反馈                 -         - 1581.6655      -       -         -     -
  V_dow                  1324.2947   87.7673 1412.0619     44   3.599     10649   119

结果已落盘：results/q2_forecast_dow.json
总耗时 226s
