========================================================================================================
§34 L/PV 分别建模 + 分别加 dow（用户原方案 Layer 1 剩余）
========================================================================================================
  公式: L̂ = m_L + γ_L·Δ_dow_L，Ĝ = m_PV，N̂ = L̂ - Ĝ + margin
  γ_PV = 0 固定；其它网格 γ_L ∈ [0.0, 0.25, 0.5, 0.75, 1.0]；β ∈ [0.6, 0.65, 0.7, 0.75, 0.8, 0.85, 0.9]；W ∈ [7, 14, 21]
  N_DOW_HIST = 6；其它不动：执行 must/max、期末 geq2400
  候选数 = 105

[0] 自检 γ_L=0 + β=0.70 + W=14 + cycle ⇒ V0 = 1719.7084
  γ_L=0, β=0.70, W=14 评价期 = 1677.3083 万元（应 ≈ 1719.7084）

[1] 全年回放 105 个候选
    β=0.60 完成（累计 36s）
    β=0.65 完成（累计 68s）
    β=0.70 完成（累计 100s）
    β=0.75 完成（累计 133s）
    β=0.80 完成（累计 165s）
    β=0.85 完成（累计 198s）
    β=0.90 完成（累计 231s）

[2] (β, W, γ_L) 联合 walk-forward
     月    β*   W*   γ_L*
     2  0.65   14   0.00
     3  0.65    7   0.00
     4  0.70    7   0.00
     5  0.70    7   0.00
     6  0.70    7   0.00
     7  0.75    7   0.00
     8  0.75    7   0.25
     9  0.75    7   0.50
    10  0.75    7   0.75
    11  0.75    7   0.75
    12  0.75    7   1.00

[3] 评价期回放
  V_lpv (β, W, γ_L 联合日程) = 1548.5700 万元
  Δ vs V_dow (γ=1.0 on net) = +136.5081 万元
  Δ vs V0 = -171.1384 万元

[4] 逐月 γ_L* 分布
  γ_L > 1.0 的月份: 0/11
  γ_L = 1.0 的月份: 1/11
  γ_L < 1.0 的月份: 10/11

[5] 风险（评价期）
  方案                            计划        紧急         总    大紧急     P99     日均SOC    触底
  V_lpv                  1441.1753  107.3947 1548.5700     47   3.487     10678   160

[6] 与基线对比
  V0              = 1719.7084 万元
  V_dow (γ on net)= 1412.0619 万元
  V_lpv (γ on L)  = 1548.5700 万元  (Δ vs V_dow = +136.5081)
  ⇒ γ_L on load 是否优于 γ on net: ✘（净负载 dow 分解已捕获）

结果已落盘：results/q2_dow_lpv.json
总耗时 233s
