========================================================================================================
§27b CVaR 风险厌恶能否兑现采购余量（β=0.90，与 V6 同档）
========================================================================================================
  V6 基准 = 1581.6655 万元
    [G3因果残差/期望成本] d=31 累计 0s
    [G3因果残差/期望成本] d=121 累计 4s
    [G3因果残差/期望成本] d=211 累计 7s
    [G3因果残差/期望成本] d=301 累计 11s
  G3因果残差        期望成本       实测总费 1637.8879  相对 V6  +56.2225
    [G3因果残差/CVaR0.90] d=31 累计 0s
    [G3因果残差/CVaR0.90] d=121 累计 4s
    [G3因果残差/CVaR0.90] d=211 累计 7s
    [G3因果残差/CVaR0.90] d=301 累计 11s
  G3因果残差        CVaR0.90   实测总费 1674.7437  相对 V6  +93.0783
    [G4尾部增强残差/期望成本] d=31 累计 0s
    [G4尾部增强残差/期望成本] d=121 累计 4s
    [G4尾部增强残差/期望成本] d=211 累计 7s
    [G4尾部增强残差/期望成本] d=301 累计 11s
  G4尾部增强残差      期望成本       实测总费 1680.4727  相对 V6  +98.8072
    [G4尾部增强残差/CVaR0.90] d=31 累计 0s
    [G4尾部增强残差/CVaR0.90] d=121 累计 4s
    [G4尾部增强残差/CVaR0.90] d=211 累计 7s
    [G4尾部增强残差/CVaR0.90] d=301 累计 11s
  G4尾部增强残差      CVaR0.90   实测总费 1842.9482  相对 V6 +261.2828

========================================================================================================
CVaR 对照（相对 V6 越负越好）
========================================================================================================
  构造/目标                          实测总费/万元       相对 V6
  G3因果残差/期望成本                  1637.8879    +56.2224
  G3因果残差/CVaR0.90              1674.7437    +93.0782
  G4尾部增强残差/期望成本                1680.4727    +98.8072
  G4尾部增强残差/CVaR0.90            1842.9482   +261.2827

  参照 V6 = 1581.6655

结果已落盘：results/q2_cvar_procure.json   总耗时 56s
