========================================================================================================
问题二 · 对照一：日电量—日内形状分解预测（负荷/光伏分别建模；采购与执行保持不变）
========================================================================================================
  评价期 2025-02-01 ~ 2025-12-31（334 天）；公共预热 E = 10800 kWh；W = 14；光伏形状只用日电量 > 0.5×中位 的天
  口径：储备只加在**日电量**上（负荷上尾 / 光伏下尾）；日内形状不加储备；采购 = S1 同一个确定性 LP；执行 = must/max 尽限反馈。

--------------------------------------------------------------------------------------------------------
0. 预测形状自检（取 7 月 15 日做示例；水平与形状分离后比较）
--------------------------------------------------------------------------------------------------------
  指标                           对照一(β_L=0.80)        S1(β=0.70)            当日实测
  净负载日总量/kWh                       78872.2           75939.3         72749.1
  净负载峰值时刻                            21:30             17:30           17:30
  曲线形状相关性（尺度无关，越接近 1 日内分布越一致）：对照一 vs S1 = 0.9991；对照一 vs 当日实测 = 0.9895
  ⇒ 两族的日内形状几乎同源；差别主要在'储备加在日电量还是加在每个区间'。

--------------------------------------------------------------------------------------------------------
1. 因果选参（只用该月之前的数据；目标 = 完整 J）
--------------------------------------------------------------------------------------------------------
  [诊断·post-hoc，仅看形状与边界] 全年连续回放 J(β_L)：
    β_L=0.50   全年 J =  2089.2584 万元
    β_L=0.55   全年 J =  2063.0166 万元
    β_L=0.60   全年 J =  2037.6875 万元
    β_L=0.65   全年 J =  2013.6243 万元
    β_L=0.70   全年 J =  1993.4595 万元
    β_L=0.75   全年 J =  1973.4427 万元
    β_L=0.80   全年 J =  1954.2512 万元
    β_L=0.85   全年 J =  1939.2808 万元
    β_L=0.90   全年 J =  1923.4888 万元
    β_L=0.95   全年 J =  1915.8701 万元   ← 最优
    β_L=0.99   全年 J =  1916.9766 万元
  ⇒ 事后最优 β_L = 0.95；落在边界：否（内部解）；极差 173.3883 万元（9.05%）

  [因果·可实施] 逐月 β_L 日程：
    用于  2 月 → β_L = 0.80   （训练至 2025-01-31）
    用于  3 月 → β_L = 0.50   （训练至 2025-02-28）
    用于  4 月 → β_L = 0.60   （训练至 2025-03-31）
    用于  5 月 → β_L = 0.65   （训练至 2025-04-30）
    用于  6 月 → β_L = 0.75   （训练至 2025-05-31）
    用于  7 月 → β_L = 0.90   （训练至 2025-06-30）
    用于  8 月 → β_L = 0.90   （训练至 2025-07-31）
    用于  9 月 → β_L = 0.90   （训练至 2025-08-31）
    用于 10 月 → β_L = 0.95   （训练至 2025-09-30）
    用于 11 月 → β_L = 0.95   （训练至 2025-10-31）
    用于 12 月 → β_L = 0.95   （训练至 2025-11-30）

--------------------------------------------------------------------------------------------------------
2. 统一口径对比（V0 = 原 S1；V1 = 因果重校准单一 β 的 S1；对照一 = 本脚本）
--------------------------------------------------------------------------------------------------------

  版本                           计划/万元       紧急/万元        总费用/万元       紧急电量/kWh       弃置/kWh
  ----------------------------------------------------------------------------------------
  V0原S1 β=0.70             1486.0725    233.6358     1719.7084       376197.1    5331570.7
  V1重校准单一β                 1524.2498    143.5719     1667.8217       230423.7    5767107.9
  对照一分解预测                  1528.0128    141.8307     1669.8435       226976.9    5858893.8
  对照一 事后最优β_L              1575.3622     77.7725     1653.1348       127240.2    6513069.9

  相对 V0 的差额与分解：
    V0原S1 β=0.70           总   -0.0000 万元（计划  +0.0000，紧急  +0.0000）
    V1重校准单一β               总  -51.8867 万元（计划 +38.1773，紧急 -90.0639）
    对照一分解预测                总  -49.8649 万元（计划 +41.9402，紧急 -91.8052）
    对照一 事后最优β_L            总  -66.5736 万元（计划 +89.2897，紧急 -155.8633）

  月度总费用（万元）：
       月            V0            V1           对照一          对照一*
       2      147.0328      145.6559      149.9989      153.4777
       3      136.1830      136.3087      137.7147      143.1835
       4      112.7999      114.0791      114.2582      113.8933
       5      121.6421      121.6415      123.0289      119.0454
       6      191.6621      191.6621      184.2865      164.6699
       7      180.7062      171.5589      173.7565      172.9850
       8      156.5706      155.3137      155.1203      155.0514
       9      140.3421      133.0119      135.9863      135.1355
      10      150.7396      142.3700      142.7234      142.7234
      11      169.9195      156.3196      158.8976      158.8976
      12      212.1104      199.9002      194.0721      194.0721

--------------------------------------------------------------------------------------------------------
3. 关键诊断：对照一赢在'储备放对位置'，还是只赢在'储备更大'？
--------------------------------------------------------------------------------------------------------
                                     日均多买量/kWh        日均购电/kWh        日均弃置/kWh
  V0 原 S1                              16016.4         58070.2         15962.8
  对照一（因果）                              17398.8         59709.0         17541.6
  对照一（事后最优 β_L）                        19080.7         61559.3         19500.2
  说明：多买量 = Σ_t max(N̂_t − N_act,t, 0)/天，即预测超出实测的部分（储备的直接度量）。
        若对照一的日均多买量**不高于** S1 而总费用更低，则属于'储备放对位置'；
        若必须显著加大储备才更低，则只是同一条权衡曲线上的另一点，不算预测改进。

  储备时间集中度（HHI，越大越集中）：V0 0.0247；对照一 0.0192

--------------------------------------------------------------------------------------------------------
4. SOC 口径检查（确认'终端处理'没有造成比较偏差）
--------------------------------------------------------------------------------------------------------
  V0原S1 β=0.70           日均起始 SOC   10627.8 | 日均末 SOC   10627.1 | 年末 SOC   10535.0 | 触底天数 184
  V1重校准单一β               日均起始 SOC   10665.0 | 日均末 SOC   10665.0 | 年末 SOC   10800.0 | 触底天数 150
  对照一分解预测                日均起始 SOC   10707.4 | 日均末 SOC   10707.0 | 年末 SOC   10657.6 | 触底天数 160
  对照一 事后最优β_L            日均起始 SOC   10732.4 | 日均末 SOC   10731.9 | 年末 SOC   10657.6 | 触底天数 127
  说明：两者同为'执行层驱动'的 SOC 轨迹（S1 的计划轨迹在 must/max 下不被使用），
        故此处只检查二者是否可比，不构成对任一方的额外约束。

--------------------------------------------------------------------------------------------------------
5. 等储备前沿对比（决定性诊断：'分位曲线族'与'分解族'在同等储备量下谁更便宜）
--------------------------------------------------------------------------------------------------------
       分位曲线族      储备/kWh       总费/万元   |       分解族      储备/kWh       总费/万元
      β=0.50       13321   1967.3066   |  β_L=0.50       14894   1826.0410
      β=0.55       13956   1883.9135   |  β_L=0.55       15212   1800.0174
      β=0.60       14596   1816.9268   |  β_L=0.60       15574   1775.0929
      β=0.65       15281   1762.1018   |  β_L=0.65       15940   1751.5286
      β=0.70       16016   1719.7084   |  β_L=0.70       16318   1731.6256
      β=0.75       16779   1688.6109   |  β_L=0.75       16688   1711.8240
      β=0.80       17636   1665.9895   |  β_L=0.80       17158   1692.6783
      β=0.85       18601   1653.6981   |  β_L=0.85       17711   1677.4303
      β=0.90       19800   1653.2878   |  β_L=0.90       18336   1661.3282
      β=0.95       21475   1672.6355   |  β_L=0.95       19081   1653.1348
      β=0.99       23180   1703.5501   |  β_L=0.99       19758   1653.6105

  等储备内插比较（两族储备的重叠区间 [14894, 19758] kWh/天）：
          储备/kWh        分位族/万元        分解族/万元         分解优势/万元
           14894     1793.1042     1826.0410        -32.9368
           15705     1737.6797     1766.7013        -29.0216
           16515     1699.3778     1721.0837        -21.7059
           17326     1674.1767     1688.0503        -13.8736
           18137     1659.6145     1666.4720         -6.8575
           18948     1653.5796     1654.6010         -1.0214
           19758     1653.3021     1653.6105         -0.3084
  ⇒ 等储备下分解族的平均优势 -15.1036 万元（区间 [-32.9368, -0.3084]）
  判读：若分解族在等储备下**整体低于**分位族，则分解带来的是新机制；
        若两曲线几乎重合或交叉，则分解只是'同一条权衡曲线上的另一点'，不算预测改进。
  注：本对比是**同一执行规则（must/max）**下的费用-储备前沿，族间差异只来自预测构造方式。

结果已落盘：C:\Users\fzz17\WorkBuddy\2026-09-10-18-17-23\results\q2_decomp.json
