========================================================================================================
§21 V3 的真联合最优：(β, W, L) 三参数因果选参
========================================================================================================
  候选 264 个 = β 11 × W [7, 14, 21] × 期末规则 8（cycle，或 geq：L ∈ [1200.0, 2400.0, 3240.0, 4200.0, 5400.0, 6480.0, 8100.0]）
  评价期 2025-02-01 ~ 2025-12-31（334 天）；公共预热 E = 10800 kWh
  纪律：训练费来自连续回放；第 m 月只用该月之前的数据；评价期只用于报告。

--------------------------------------------------------------------------------------------------------
1. 逐候选训练回放（从 1/1、E=6000 起跑，取累计 J 前缀）
--------------------------------------------------------------------------------------------------------
    已完成 24/264 个候选（56s）
    已完成 48/264 个候选（110s）
    已完成 72/264 个候选（161s）
    已完成 96/264 个候选（214s）
    已完成 120/264 个候选（266s）
    已完成 144/264 个候选（319s）
    已完成 168/264 个候选（373s）
    已完成 192/264 个候选（427s）
    已完成 216/264 个候选（483s）
    已完成 240/264 个候选（535s）
    已完成 264/264 个候选（588s）

--------------------------------------------------------------------------------------------------------
2. 三重内部对拍（验证协议与口径）
--------------------------------------------------------------------------------------------------------
  ① (W=14, cycle)            →  1667.8217 万元   对拍 §16 V1     = 1667.8217   差 -0.0000  ← 应 ≈0
  ② (W=14, §20 的期末网格)   →  1624.9813 万元   对拍 §20 V3     = 1624.9813   差 -0.0000  ← 应 ≈0
  ③ (W=14, 本次更细的网格)   →  1624.1798 万元   参考 §20 V3     = 1624.9813   差 -0.8015  ← 应 ≤0（网格是超集）
  ④ (任意 W, cycle)          →  1625.4198 万元   对拍 §14 (β,W)  = 1633.0429   差 -7.6231  ← 应 ≤0（§14 β 网格更粗）

--------------------------------------------------------------------------------------------------------
3. [因果·可实施] 逐月 (β, W, L) 联合日程（第 m 月只用该月之前的数据）
--------------------------------------------------------------------------------------------------------
     月       β    W        期末规则     L/kWh   训练至
     2    0.70   14         geq      2400   2025-01-31
     3    0.75    7         geq      2400   2025-02-28
     4    0.75    7         geq      2400   2025-03-31
     5    0.75    7         geq      2400   2025-04-30
     6    0.80    7         geq      2400   2025-05-31
     7    0.85    7         geq      2400   2025-06-30
     8    0.85    7         geq      2400   2025-07-31
     9    0.85    7         geq      2400   2025-08-31
    10    0.85    7         geq      2400   2025-09-30
    11    0.85    7         geq      2400   2025-10-31
    12    0.90    7         geq      2400   2025-11-30
  ⇒ 11 个月中：选到 geq 的有 11 个；选到 W=7 的有 10 个。

--------------------------------------------------------------------------------------------------------
4. 评价期结果（公共预热 2/1 起评 E=10800；必须复现 V0=1719.7084）
--------------------------------------------------------------------------------------------------------

  版本                                计划/万元      紧急/万元       总费用/万元      相对 V0      紧急电量/kWh      弃置/kWh
  V0 原 S1 (β0.70,W14,cycle)     1486.0725   233.6358    1719.7084    +0.0000      376197.1   5331570.7
  V1 因果 β (W14,cycle)           1524.2498   143.5719    1667.8217   -51.8867      230423.7   5767107.9
  V3 §20 因果 (β,L) @W14          1492.3916   132.5897    1624.9813   -94.7271      213141.5   4985274.8
  V4 §21 因果 (β,W,L)             1492.8075    96.1645    1588.9721  -130.7363      154168.2   4916106.0

  尾部与库存风险：
  版本                                大紧急天数     日紧急P99      单日最坏      日均起始SOC      触底天数     年末SOC
  V0 原 S1 (β0.70,W14,cycle)            96     7.3469    9.3353      10627.8       184   10535.0
  V1 因果 β (W14,cycle)                  55     7.3469    9.3353      10665.0       150   10800.0
  V3 §20 因果 (β,L) @W14                 53     5.9481    8.9715       5505.0       146    3421.4
  V4 §21 因果 (β,W,L)                    46     3.0388    8.6474       4678.0       142    2571.2

--------------------------------------------------------------------------------------------------------
5. 归因：V3 → V4 的差额全部来自 W（V3 已是 W=14 下 (β,L) 最优）
--------------------------------------------------------------------------------------------------------
  V3（W=14，因果 β＋L）  = 1624.9813 万元
  V4（W 也参与联合选参） = 1588.9721 万元   Δ(W 的贡献) = -36.0092
  V4 相对 V0 = -130.7363 万元（≈ 7.60%）

--------------------------------------------------------------------------------------------------------
6. 公平性：终端储能估值折算（§10）
--------------------------------------------------------------------------------------------------------
  λ ∈ [0.3713, 1.3952] 元/kWh（中值 0.7662）；η_c = 0.9
  版本                               年末SOC      库存缺口        原总费         λ低         λ中         λ高
  V0 原 S1 (β0.70,W14,cycle)      10535.0     265.0  1719.7084  1719.7193  1719.7309  1719.7495
  V1 因果 β (W14,cycle)            10800.0       0.0  1667.8217  1667.8217  1667.8217  1667.8217
  V3 §20 因果 (β,L) @W14            3421.4    7378.6  1624.9813  1625.2857  1625.6094  1626.1251
  V4 §21 因果 (β,W,L)               2571.2    8228.8  1588.9721  1589.3115  1589.6726  1590.2477

  调整后排序（λ 取中值）：
    1. V4 §21 因果 (β,W,L)             1589.6726 万元
    2. V3 §20 因果 (β,L) @W14          1625.6094 万元
    3. V1 因果 β (W14,cycle)           1667.8217 万元
    4. V0 原 S1 (β0.70,W14,cycle)     1719.7309 万元

--------------------------------------------------------------------------------------------------------
7. 事后最优（不可实施，仅界定空间）
--------------------------------------------------------------------------------------------------------
  期末=cycle   W=7   事后最优 β=0.85 → 1620.6358 万元（相对 V0  -99.0725）
  期末=cycle   W=14  事后最优 β=0.90 → 1653.2878 万元（相对 V0  -66.4206）
  期末=cycle   W=21  事后最优 β=0.90 → 1684.9358 万元（相对 V0  -34.7725）
  期末=L=3240  W=7   事后最优 β=0.90 → 1581.1567 万元（相对 V0 -138.5517）
  期末=L=3240  W=14  事后最优 β=0.90 → 1611.5683 万元（相对 V0 -108.1400）
  期末=L=3240  W=21  事后最优 β=0.90 → 1641.7982 万元（相对 V0  -77.9101）
  期末=L=2400  W=7   事后最优 β=0.90 → 1580.2007 万元（相对 V0 -139.5077）
  期末=L=2400  W=14  事后最优 β=0.90 → 1610.4535 万元（相对 V0 -109.2548）
  期末=L=2400  W=21  事后最优 β=0.90 → 1640.4868 万元（相对 V0  -79.2216）

结果已落盘：results/q2_v3_joint.json
总耗时 799s
