=== θ = (β, W) 共 15 个候选；S1 规则（must/max）===
    β ∈ [0.6, 0.7, 0.8, 0.9, 0.95]，W ∈ [7, 14, 21]

训练：各 θ 从 1/1（E=6000）连续回放，取各月末累计费用（元 → 仅用于选参）
  完成 15 条全年轨迹（每条 365 天，状态跨日传递）。

=== 滚动选参日程（θ_m 由 1月~（m−1）月末的累计费用最小化选出）===
  用于  2 月  →  β = 0.70, W = 14   （训练至 2025-01-31，累计训练费 261.08 万元）
  用于  3 月  →  β = 0.70, W =  7   （训练至 2025-02-28，累计训练费 405.08 万元）
  用于  4 月  →  β = 0.70, W =  7   （训练至 2025-03-31，累计训练费 543.08 万元）
  用于  5 月  →  β = 0.70, W = 14   （训练至 2025-04-30，累计训练费 657.09 万元）
  用于  6 月  →  β = 0.80, W =  7   （训练至 2025-05-31，累计训练费 775.17 万元）
  用于  7 月  →  β = 0.80, W =  7   （训练至 2025-06-30，累计训练费 941.76 万元）
  用于  8 月  →  β = 0.80, W =  7   （训练至 2025-07-31，累计训练费 1112.25 万元）
  用于  9 月  →  β = 0.80, W =  7   （训练至 2025-08-31，累计训练费 1265.34 万元）
  用于 10 月  →  β = 0.80, W =  7   （训练至 2025-09-30，累计训练费 1397.43 万元）
  用于 11 月  →  β = 0.90, W =  7   （训练至 2025-10-31，累计训练费 1536.18 万元）
  用于 12 月  →  β = 0.90, W =  7   （训练至 2025-11-30，累计训练费 1689.54 万元）

=== 评价期（2025-02-01 ~ 12-31，公共预热 E=10800）===
方案                               总费用/万元       计划/万元       紧急/万元      紧急电量/kWh     紧急日数
----------------------------------------------------------------------------------------
现状 固定 β=0.70, W=14            1719.7084   1486.0725    233.6358      376197.1      208
滚动 θ（walk-forward）            1633.0429   1517.0657    115.9773      184741.8      203
【参考·不可实施】事后最优固定             1620.6932                                                 (β=0.90, W=7)

  滚动相对现状：-86.6654 万元 （-5.040%）
  现状距事后最优：-99.0152 万元；滚动距事后最优：-12.3497 万元

=== 分月对比（万元，各月单独从公共预热起跑，仅用于分月展示）===
   月份         现状       滚动 θ       差(滚动−现状)
--------------------------------------------
    2   147.0328   147.0328         0.0000
    3   136.1830   137.9970         1.8140
    4   112.7999   115.8112         3.0113
    5   121.6421   121.6421         0.0000
    6   191.6621   166.5901       -25.0721
    7   180.7062   170.4865       -10.2197
    8   156.5706   153.0910        -3.4796
    9   140.3421   132.0885        -8.2536
   10   150.7396   140.0166       -10.7231
   11   169.9195   153.3559       -16.5636
   12   212.1104   194.9317       -17.1787
--------------------------------------------
  分月差合计 -86.6650 万元（此处各月单独从公共预热起跑，未串接跨月状态，
   故与上表的滚动−现状之差可能略有出入；上表为真实串接结果。）

说明：事后最优固定 θ 用评价期选出，**不可实施**，仅用于显示可达范围；
      滚动方案每个月只使用该月之前的数据，是因果、可实施的选参流程。
