========================================================================================================
§29 求解强度对照：判别 CD 是否解到位（同一因果政策，只改优化强度）
========================================================================================================
  arms = ('S0', 'S1')

[场景内] 同一 V6 实际起点轨迹、同一场景、同一 Φ
    d=31 累计 1s
    d=51 累计 17s
    d=71 累计 34s
    d=91 累计 50s
    d=111 累计 66s
    d=131 累计 82s
    d=151 累计 98s
    d=171 累计 114s
    d=191 累计 130s
    d=211 累计 147s
    d=231 累计 164s
    d=251 累计 180s
    d=271 累计 196s
    d=291 累计 212s
    d=311 累计 228s
    d=331 累计 243s
    d=351 累计 259s

  arm           场景费用      相对S0      距下界A
  S0       2099.0558   +0.0000  +57.4526
  S1       2073.8090  -25.2468  +32.2058
  A(下界)    2041.6031
  C(V6合同)   2172.9165

[实测] 各 arm 自身 SOC 连续回放（不借 V6 起点）
    S0 连续回放 = 1636.0657（相对 V6 +54.4002）  年末SOC 4462  [13s]
    S1 连续回放 = 1623.2915（相对 V6 +41.6260）  年末SOC 4715  [206s]

结果已落盘   总耗时 491s
