====================================================================================================
§39 V_dow_N 风险与月度成本档案
====================================================================================================
  主方案：β=0.70 (月2-3) / β=0.75 (月4-12), W=7, γ=1.0, N_DOW_HIST=4
  must/max, 期末 E_H ≥ 2400, 评价期 2025.2.1–12.31
  期望：V_dow_N = 1395.6995 万元

[1] 评价期 replay (with keep=True)
  replay 完成（2s）

[2] 总览
  总费用  = 1395.6995 万元
  计划费  = 1318.2416 万元
  紧急费  = 77.4578 万元
  Δ vs V_dow (1412.06) = -16.3624 万元
  vs 期望 V_dow_N (1395.70) = -0.0000 万元

[3] 月度成本（万元）
     月          计划          紧急           总       Δ_上    大紧急     P99    触底    触顶
     2    124.2277      1.7359    125.9636    125.96      0   0.411    12    28
     3    107.5835      9.8814    117.4649    243.43      3   3.137    17    31
     4     91.7512      7.0864     98.8376    342.27      3   2.936    10    30
     5     92.4507      6.6772     99.1278    441.39      6   1.228    10    31
     6    126.5167     17.8255    144.3421    585.74      5   6.951     7    28
     7    143.3889      7.3990    150.7880    736.52      4   1.911     9    30
     8    125.2696      5.3678    130.6375    867.16      4   1.313     8    31
     9    108.0744      6.1648    114.2392    981.40      4   1.419    11    28
    10    109.9602      7.4916    117.4519   1098.85      5   1.698    13    31
    11    124.8616      1.5680    126.4296   1225.28      0   0.415     9    30
    12    164.1571      6.2600    170.4172   1395.70      2   2.856     7    29

[4] 风险指标总览（评价期 334 天）
  P50 紧急费  = 0.000 万元
  P90 紧急费  = 0.713 万元
  P95 紧急费  = 1.330 万元
  P99 紧急费  = 3.199 万元
  最大单日紧急 = 7.576 万元
  大紧急天数 (>1000 kWh) = 36/334
  触底天数 (SOC_min < E_MIN+1) = 113/334
  触顶天数 (SOC_max = E_MAX)  = 327/334
  日均起始 SOC = 10673 kWh
  日均最低 SOC = 1444 kWh
  日均最高 SOC = 10793 kWh
  年末 SOC (12.31 末尾) = 10667 kWh
  总弃置 (w) = 2526334 kWh = 252.63 万元（计费）

[5] 指定日期计划与紧急（对应论文 §7.5）
  2025-03-20: b(10/12/14/16/18/20) = 0.00/545.02/0.00/512.05/701.86/0.00 | total_b=67872 emerg=293kWh plan¥41033 emerg¥2044 total¥43078
  2025-06-21: b(10/12/14/16/18/20) = 0.00/0.00/0.00/224.74/0.00/0.00 | total_b=36888 emerg=0kWh plan¥20795 emerg¥0 total¥20795
  2025-09-23: b(10/12/14/16/18/20) = 0.00/406.61/0.00/499.39/772.48/0.00 | total_b=65531 emerg=1317kWh plan¥40510 emerg¥8660 total¥49170
  2025-12-21: b(10/12/14/16/18/20) = 0.00/1042.14/0.00/852.95/735.21/0.00 | total_b=98706 emerg=0kWh plan¥63440 emerg¥0 total¥63440

结果已落盘：results/q2_V_dow_N_profile.json
总耗时 2s
