=== O6 数据—模板映射核对（内部标准：t  ↔  真实区间 (tΔ,(t+1)Δ]）===
原始标签 144 个：首 00:10:00，末 0:00+1（前若干为 datetime.time，后段为字符串，类型混杂）
模板时间列 144 个：首 '0:10-0:20'，末 '0:00-0:10+1'

  内部t            真实区间       原始数据标签     模板列号           模板标签
    0     (0:00,0:10]     00:10:00      第2列      0:10-0:20
    1     (0:10,0:20]     00:20:00      第3列      0:20-0:30
   59    (9:50,10:00]     10:00:00     第61列    10:00-10:10
   60   (10:00,10:10]        10:10     第62列    10:10-10:20
   61   (10:10,10:20]        10:20     第63列    10:20-10:30
  119   (19:50,20:00]        20:00    第121列    20:00-20:10
  142   (23:40,23:50]        23:50    第144列   23:50-0:00+1
  143  (23:50,0:00+1]       0:00+1    第145列    0:00-0:10+1

事实 1：模板第 j 个时间列的标签 = [原始第 j 个标签, 原始第 j+1 个标签]，末列以 0:10+1 外推收尾。
        ⇒ 模板标签集 = (0:10,0:20], …, (23:50,24:00], (24:00,24:10]
事实 2：模板【没有】标签 0:00-0:10 的槽位，却【多出】标签 0:00-0:10+1 的槽位
        ⇒ 模板把源数据的『区间末端标签』当作『区间左端点』使用，标签相对真实区间整体右移一槽位。
事实 3：标签 10:00-10:10 只存在于第 61 列（= 列序对应 t=59 的位置）。

由此产生两种自洽填法（二者的后果不同，本脚本不代为决定）：
  (甲) 按列序 1:1 填：Excel 列 t+2 ← 内部 t。则第 61 列(标签10:00-10:10)装 t=59 的值 → 标签与内容不符。
  (乙) 按标签字面填：第 61 列装 t=60 的值 → 则整体错位一列，首区间 (0:00,0:10] 无槽位可放。
现状（仅记录）：论文表1 用 (乙) 读法（t=60）；results/result2.xlsx 用 (甲) 读法（第61列 ← t=59）。

=== 1. 基线对拍（评价期 334 天，各策略按原始口径从 1/1 起跑）===
  A     总 2825.2779 万 (论文 2825.2779) | 计划 1174.6707 | 紧急 1650.6072 | 紧急电量   2896736.6 | 紧急日 251 | 平衡残差 1.1e-13
  B     总 2035.2433 万 (论文 2035.2433) | 计划 1389.0373 | 紧急 646.2060 | 紧急电量   1036434.2 | 紧急日 236 | 平衡残差 1.1e-13
  B48   总 2024.9755 万 (论文 2024.9755) | 计划 1379.9203 | 紧急 645.0553 | 紧急电量   1035522.9 | 紧急日 236 | 平衡残差 1.1e-13
  C     总 1775.9067 万 (论文 1775.9067) | 计划 1485.8619 | 紧急 290.0448 | 紧急电量    464609.1 | 紧急日 218 | 平衡残差 1.1e-13
  D     总 1739.6388 万 (论文 1739.6388) | 计划 1486.0307 | 紧急 253.6081 | 紧急电量    524321.8 | 紧急日 239 | 平衡残差 1.1e-13
  PI    总 1224.5047 万 (论文 1224.5047) | 计划 1224.5047 | 紧急   0.0000 | 紧急电量         0.0 | 紧急日   0 | 平衡残差 5.7e-14
  → 最大总费用偏差 0.000e+00 万元 （一致 ✔）

=== 2. 公共预热等价性检查（口径 O7）===
  口径：所有可实施策略共用 A 的 1 月实际轨迹（6000 → 10800 kWh），2 月 1 日起从 10800 kWh 起评。
  A     2–12 月逐元素最大差 0.00e+00 | 1 月自跑末态 10800.0000 kWh | 等价 ✔
  B     2–12 月逐元素最大差 0.00e+00 | 1 月自跑末态 10800.0000 kWh | 等价 ✔
  B48   2–12 月逐元素最大差 0.00e+00 | 1 月自跑末态 10800.0000 kWh | 等价 ✔
  C     2–12 月逐元素最大差 0.00e+00 | 1 月自跑末态 10800.0000 kWh | 等价 ✔
  D     2–12 月逐元素最大差 0.00e+00 | 1 月自跑末态 10800.0000 kWh | 等价 ✔

=== 3. O1×O2 四组合（固定每 4 小时重优化；公共预热起评）===
  固定：预测 cquant β=0.70、W=14、reopt_step=24、2/1 起评 E=10800 kWh、无期末约束

组合                        计划费用      紧急费用       总费用        紧急电量        供能余量        年末电量        约束违反量
                           /万元       /万元       /万元        /kWh        /kWh        /kWh         /kWh
C  基准                1485.8619  290.0448 1775.9067    464609.1   5440918.5  10452.8234     1.14e-13
R1 must/planned      1485.8625  285.2690 1771.1315    457301.8   5431894.6  10452.8234     1.14e-13
R2 must/max          1486.0725  233.6358 1719.7084    376197.1   5331570.7  10535.0201     1.14e-13
R3 planned/planned   1486.0307  253.6081 1739.6388    524321.8   5514246.2  10696.9885     3.64e-12
R4 planned/max       1486.1492  231.2032 1717.3524    491024.5   5473029.1  10708.9773     3.64e-12
R2* 无执行LP            1486.0725  233.6358 1719.7084    376197.1   5331570.7  10535.0201     1.14e-13

  约束违反量明细（kWh）：
    C  基准                SOC下越 0.00e+00 | SOC上越 0.00e+00 | 功率越界 0.00e+00 | 负值 -0.00e+00 | 重叠 0.00e+00 | 平衡残差 1.14e-13
    R1 must/planned      SOC下越 0.00e+00 | SOC上越 0.00e+00 | 功率越界 0.00e+00 | 负值 -0.00e+00 | 重叠 0.00e+00 | 平衡残差 1.14e-13
    R2 must/max          SOC下越 0.00e+00 | SOC上越 0.00e+00 | 功率越界 0.00e+00 | 负值 -0.00e+00 | 重叠 0.00e+00 | 平衡残差 1.14e-13
    R3 planned/planned   SOC下越 0.00e+00 | SOC上越 3.64e-12 | 功率越界 0.00e+00 | 负值 3.27e-12 | 重叠 0.00e+00 | 平衡残差 1.14e-13
    R4 planned/max       SOC下越 0.00e+00 | SOC上越 3.64e-12 | 功率越界 0.00e+00 | 负值 3.27e-12 | 重叠 0.00e+00 | 平衡残差 1.14e-13
    R2* 无执行LP            SOC下越 0.00e+00 | SOC上越 0.00e+00 | 功率越界 0.00e+00 | 负值 -0.00e+00 | 重叠 0.00e+00 | 平衡残差 1.14e-13

=== 3b. R2 中执行层 LP 是否冗余（must+max 不使用 c*/d*）===
  逐元素最大差（R2 含执行LP  vs  R2* 无执行LP）：
    B 0.00e+00 | C 0.00e+00 | D 0.00e+00 | EM 0.00e+00 | W 0.00e+00 | SOC0 0.00e+00 | SOC1 0.00e+00
  → 完全一致 ✔：主方案无需执行层 LP，可简化为「分位数日前计划 + 尽限实时反馈」

=== 4. 两开关的交互作用（万元；正 = 前者更贵）===
  O1 增益（余量侧=planned）：J(R1) − J(R3) = +31.4926
  O1 增益（余量侧=max）    ：J(R2) − J(R4) = +2.3560
  O2 增益（缺口侧=must）   ：J(R1) − J(R2) = +51.4231
  O2 增益（缺口侧=planned）：J(R3) − J(R4) = +22.2864
  交互作用 I = (J_R1−J_R3) − (J_R2−J_R4) = +29.1367
  → 余量充电规则由 planned 改为 max 后，『允许保留电量』的收益发生明显变化（变化量 29.1367 万元，占 O1 增益的 92.52%）
  基准 C（greedy, must/planned）总费用 = 1775.9067 万元；四组合相对 C 的变化区间 = [-58.5542, -4.7752] 万元
  说明：I 只表示『余量充分入储后，主动保留放电能力的边际降费收益缩小了多少』，不表示两开关物理作用重叠。

=== 5. 固定合同下 O2 命题的逐区间核验（同一 b、同一 E_start、缺口侧均为 must）===
  违反 E_t^max ≥ E_t^planned 的天数 = 0/334，最大违反 0.000e+00 kWh
  违反 e_t^max ≤ e_t^planned 的天数 = 0/334，最大违反 0.000e+00 kWh
  → 逐区间命题成立 ✔（固定合同下的数学命题，不等于全年费用更低）

=== 6. R1 与 R2 的机制诊断（高价阈值 p ≥ 90 分位 = 1.2500 元/kWh，共 15 个区间/天）===
  高价区间内的紧急电量：R1 315205.6 kWh  →  R2 254388.0 kWh（变化 -60817.6）
  高价区间开始时刻的储能差 (R2 − R1)：均值 +201.87 kWh，中位数 +31.88 kWh，为正的比例 60.0%
  全时域储能差 (R2 − R1)：均值 +277.93 kWh，为正的比例 70.8%
  高价且出现缺口的区间（4228 个）上，储能差均值 +206.19 kWh，紧急电量 R1 315205.6 → R2 254388.0 kWh
  说明：R2 在多数区间储能不低于 R1，故进入高价缺口时可用电量更多、需要的紧急购电更少。

备注：PI 未参与本轮比较（不可实施，且 2 月初为 6000 kWh 与其余策略不同），本轮不将任何量称为下界。β 与 W 均未调整。
已写出 results/q2_combos.json
