========================================================================================================
§23 分时段 β 在 V4 下是否仍然无效？（单一 β vs 4 组分组 β，同一 walk-forward 协议）
========================================================================================================
  期末固定 geq 2400 kWh；W ∈ [7, 14]；组划分 = ['早峰', '日间', '晚峰', '其他']（由给定电价结构事前确定）
  arm A（单一 β）   22 候选 = β 11 × W 2
  arm B（分组 β）  162 候选 = 3^4=81 组合 × W 2
  评价期 2025-02-01 ~ 2025-12-31（334 天）；公共预热 E = 10800 kWh

--------------------------------------------------------------------------------------------------------
0. 口径校验（固定参数的全年回放，对拍已发表数字）
--------------------------------------------------------------------------------------------------------
  β=0.70, W=14, cycle  → 1719.7084 万元  对拍 V0 = 1719.7084  差 -0.0000
  注：§16 的 V2 是**逐月因果日程**、不是某个固定分组向量，故无法用单次固定回放复现；
      arm A 对 V4 的逐位复现（见下）承担本轮的协议校验。

--------------------------------------------------------------------------------------------------------
1. [因果·可实施] 两个 arm 各自的逐月选参
--------------------------------------------------------------------------------------------------------

  --- arm A（22 候选，累计 52s）---
     2   单一 β=0.70, W=14
     3   单一 β=0.75, W=7
     4   单一 β=0.75, W=7
     5   单一 β=0.75, W=7
     6   单一 β=0.80, W=7
     7   单一 β=0.85, W=7
     8   单一 β=0.85, W=7
     9   单一 β=0.85, W=7
    10   单一 β=0.85, W=7
    11   单一 β=0.85, W=7
    12   单一 β=0.90, W=7
  ⇒ arm A 评价期 = 1588.9721 万元

  --- arm B（162 候选，累计 465s）---
     2   分组 [早峰=0.80,日间=0.70,晚峰=0.90,其他=0.70], W=7
     3   分组 [早峰=0.80,日间=0.70,晚峰=0.80,其他=0.70], W=7
     4   分组 [早峰=0.80,日间=0.70,晚峰=0.90,其他=0.70], W=7
     5   分组 [早峰=0.80,日间=0.70,晚峰=0.90,其他=0.70], W=7
     6   分组 [早峰=0.80,日间=0.80,晚峰=0.90,其他=0.70], W=7
     7   分组 [早峰=0.70,日间=0.90,晚峰=0.90,其他=0.70], W=7
     8   分组 [早峰=0.70,日间=0.90,晚峰=0.90,其他=0.80], W=7
     9   分组 [早峰=0.70,日间=0.90,晚峰=0.90,其他=0.80], W=7
    10   分组 [早峰=0.80,日间=0.90,晚峰=0.90,其他=0.70], W=7
    11   分组 [早峰=0.80,日间=0.90,晚峰=0.90,其他=0.70], W=7
    12   分组 [早峰=0.80,日间=0.90,晚峰=0.90,其他=0.70], W=7
  ⇒ arm B 评价期 = 1583.7354 万元

--------------------------------------------------------------------------------------------------------
2. 关键判定
--------------------------------------------------------------------------------------------------------
  arm A（单一 β，W∈[7, 14]，geq2400） = 1588.9721 万元   对拍 §21 V4 = 1588.9721  差 -0.0000  ← 应 ≈0
  arm B（分组 β，4 组，geq2400）        = 1583.7354 万元
  ⇒ 分组 β 相对单一 β = -5.2367 万元（更优）
  arm B 逐月选到的**真正分组**（组间取值不全相同）月份数 = 11/11

--------------------------------------------------------------------------------------------------------
3. 费用分解与风险
--------------------------------------------------------------------------------------------------------
  版本                        计划/万元      紧急/万元       总费用/万元      相对 V0      紧急电量/kWh      弃置/kWh
  arm A（单一 β）           1492.8075    96.1645    1588.9721  -130.7363      154168.2   4916106.0
  arm B（分组 β）           1489.4516    94.2838    1583.7354  -135.9730      156806.9   4786872.0

  版本                        大紧急天数     日紧急P99      单日最坏      日均起始SOC      触底天数     年末SOC
  arm A（单一 β）                  46     3.0388    8.6474       4678.0       142    2571.2
  arm B（分组 β）                  47     3.5385    8.6216       4641.5       116    2362.0

  λ ∈ [0.3713, 1.3952] 元/kWh（中值 0.7662）；η_c = 0.9
  arm A（单一 β）          库存缺口   8228.8 kWh ⇒ 原 1588.9721｜λ低 1589.3115｜λ中 1589.6726｜λ高 1590.2477
  arm B（分组 β）          库存缺口   8438.0 kWh ⇒ 原 1583.7354｜λ低 1584.0835｜λ中 1584.4537｜λ高 1585.0435

--------------------------------------------------------------------------------------------------------
4. 事后界（不可实施，仅界定空间）：两组结构各自在评价期上的最好固定参数
--------------------------------------------------------------------------------------------------------
  单一 β 事后最优：β=0.90, W=7 → 1580.2007 万元（相对 V0 -139.5077）
  分组 β 事后最优：(0.9, 0.9, 0.9, 0.8) , W=7 → 1577.9250 万元（相对 V0 -141.7834）

结果已落盘：results/q2_grouped_v4.json
总耗时 978s
