========================================================================================================
问题二 · 对照二：联合场景采购（共享一份日前计划；场景内为因果 must/max，非完美调度）
========================================================================================================
  评价期 2025-02-01 ~ 2025-12-31（334 天）；公共预热 E = 10800 kWh
  场景 = 最近 S 天**整条净负载曲线**（等权），S = 30；只取 d−1 及以前。
  初值集 q = [0.5, 0.6, 0.7, 0.8, 0.9]（在场景隐含曲线上取 q 分位的确定性 LP 计划）；坐标下降 2 遍、每坐标 4 点、步长 [200.0, 50.0]。
  信息约束：场景内 c/d 由 must/max 因果规则决定 ⇒ 场景内不看未来，不低估执行成本。
  [自检] 堆叠执行器 vs 逐候选求值：目标差 0.000e+00，线搜索值差 7.276e-12  一致 ✔

--------------------------------------------------------------------------------------------------------
0. 场景集与信息约束检查
--------------------------------------------------------------------------------------------------------
  示例 d=2025-07-20：场景数 30，场景间同时刻相关性均值 0.9651
  场景集逐区间 70 分位 vs 逐区间独立重排（打散相关性）后的 70 分位：
    日总量：联合 77289 kWh | 独立重排 77012 kWh（示意相关性对总量的影响）
  说明：联合轨迹保留『高负载日整条都高』的相关结构；逐区间独立取分位会把极端值错配到不同时刻。

--------------------------------------------------------------------------------------------------------
1. 对照二-a：预测换成'场景集 q 分位'，采购保持原 LP（q 用同一 walk-forward 协议选）
--------------------------------------------------------------------------------------------------------
  [诊断·post-hoc] 全年连续回放 J(q)：
    q=0.50   全年 J =  2189.2220 万元
    q=0.55   全年 J =  2141.2547 万元
    q=0.60   全年 J =  2100.1507 万元
    q=0.65   全年 J =  2066.3992 万元
    q=0.70   全年 J =  2037.7593 万元
    q=0.75   全年 J =  2013.4980 万元
    q=0.80   全年 J =  1995.5326 万元
    q=0.85   全年 J =  1985.1434 万元
    q=0.90   全年 J =  1984.1077 万元   ← 最优

  [因果·可实施] 逐月 q 日程：
    用于  2 月 → q = 0.65
    用于  3 月 → q = 0.55
    用于  4 月 → q = 0.55
    用于  5 月 → q = 0.55
    用于  6 月 → q = 0.60
    用于  7 月 → q = 0.80
    用于  8 月 → q = 0.85
    用于  9 月 → q = 0.80
    用于 10 月 → q = 0.80
    用于 11 月 → q = 0.80
    用于 12 月 → q = 0.85

--------------------------------------------------------------------------------------------------------
2. 对照二-b：场景采购优化（多起点坐标下降；S = 30）
--------------------------------------------------------------------------------------------------------
  参与天数 365（全年）；约 9 s/天 ⇒ 预计 55 分钟
      [进度] 1/365 天  当前 2025-01-01  累计 21.42 万元
      [进度] 26/365 天  当前 2025-01-26  累计 201.19 万元
      [进度] 51/365 天  当前 2025-02-20  累计 349.81 万元
      [进度] 76/365 天  当前 2025-03-17  累计 476.52 万元
      [进度] 101/365 天  当前 2025-04-11  累计 584.46 万元
      [进度] 126/365 天  当前 2025-05-06  累计 680.05 万元
      [进度] 151/365 天  当前 2025-05-31  累计 770.30 万元
      [进度] 176/365 天  当前 2025-06-25  累计 924.50 万元
      [进度] 201/365 天  当前 2025-07-20  累计 1063.42 万元
      [进度] 226/365 天  当前 2025-08-14  累计 1189.88 万元
      [进度] 251/365 天  当前 2025-09-08  累计 1308.14 万元
      [进度] 276/365 天  当前 2025-10-03  累计 1419.61 万元
      [进度] 301/365 天  当前 2025-10-28  累计 1530.33 万元
      [进度] 326/365 天  当前 2025-11-22  累计 1664.93 万元
      [进度] 351/365 天  当前 2025-12-17  累计 1833.21 万元

--------------------------------------------------------------------------------------------------------
3. 统一口径对比（V0/V1 来自 §16 同一实现；对照一来自 q2_decomp_forecast.py）
--------------------------------------------------------------------------------------------------------

  版本                               计划/万元       紧急/万元        总费用/万元       紧急电量/kWh       弃置/kWh
  --------------------------------------------------------------------------------------------
  V0原S1 β=0.70                 1486.0725    233.6358     1719.7084       376197.1    5331570.7
  V1重校准单一β                     1524.2498    143.5719     1667.8217       230423.7    5767107.9
  对照二a 场景预测+原LP                1570.8555    205.0165     1775.8720       334978.6    6914701.7
  对照二b 场景采购优化                  1550.8037    134.1822     1684.9860       244375.7    5730368.5

  相对 V0 的差额与分解：
    V0原S1 β=0.70               总   -0.0000 万元（计划  +0.0000，紧急  +0.0000）
    V1重校准单一β                   总  -51.8867 万元（计划 +38.1773，紧急 -90.0639）
    对照二a 场景预测+原LP              总  +56.1637 万元（计划 +84.7830，紧急 -28.6193）
    对照二b 场景采购优化                总  -34.7224 万元（计划 +64.7312，紧急 -99.4536）

  收益归因（用户要求的'分开识别'）：
    ① 预测换成场景集（采购仍用原 LP）      ： +56.1637 万元
    ② 在此基础上再加场景采购优化            ： -90.8861 万元
    ③ 两者合计                              ： -34.7224 万元
    参考：V1（只重校准逐区间 β）            ： -51.8867 万元

  [披露] '初值后'（未做坐标下降）的实际费用：+40.1948 万元
        该列 = 多起点中按场景目标 F 选出的初值直接执行；与优化后的差即为'储能感知的跨时段腾挪'带来的部分。

  月度总费用（万元）：
       月          V0          V1        对照二a        对照二b
       2    147.0328    145.6559    154.4844    161.1154
       3    136.1830    136.3087    141.2123    145.8939
       4    112.7999    114.0791    118.8546    116.5731
       5    121.6421    121.6415    131.5513    114.7591
       6    191.6621    191.6621    219.4185    177.8778
       7    180.7062    171.5589    177.3334    172.1837
       8    156.5706    155.3137    162.1676    151.9457
       9    140.3421    133.0119    145.6327    135.0177
      10    150.7396    142.3700    148.1358    138.3700
      11    169.9195    156.3196    166.1639    164.7478
      12    212.1104    199.9002    210.9177    206.5018

--------------------------------------------------------------------------------------------------------
5. 场景数 S 的敏感度（用户提示：'30 条场景'只是该方案的选择，不是普遍合适）
--------------------------------------------------------------------------------------------------------
  固定子样本 17 天（每 20 天取一天）：['2025-02-01', '2025-02-21', '2025-03-13', '2025-04-02'] …
  逐日起始 SOC 统一取 V1 轨迹，以隔离场景数 S 的影响（本段仅为诊断）。
      S       计划/万元       紧急/万元        总费用/万元      相对S=30
      [S敏感度] S=10  1/17 天  2025-02-01  累计 5.78 万元
      [S敏感度] S=10  6/17 天  2025-05-12  累计 25.82 万元
      [S敏感度] S=10  11/17 天  2025-08-20  累计 58.66 万元
      [S敏感度] S=10  16/17 天  2025-11-28  累计 81.09 万元
      [S敏感度] S=20  1/17 天  2025-02-01  累计 5.86 万元
      [S敏感度] S=20  6/17 天  2025-05-12  累计 26.38 万元
      [S敏感度] S=20  11/17 天  2025-08-20  累计 58.51 万元
      [S敏感度] S=20  16/17 天  2025-11-28  累计 82.12 万元
      [S敏感度] S=30  1/17 天  2025-02-01  累计 5.96 万元
      [S敏感度] S=30  6/17 天  2025-05-12  累计 27.30 万元
      [S敏感度] S=30  11/17 天  2025-08-20  累计 58.79 万元
      [S敏感度] S=30  16/17 天  2025-11-28  累计 82.13 万元
      [S敏感度] S=60  1/17 天  2025-02-01  累计 5.99 万元
      [S敏感度] S=60  6/17 天  2025-05-12  累计 30.34 万元
      [S敏感度] S=60  11/17 天  2025-08-20  累计 60.39 万元
      [S敏感度] S=60  16/17 天  2025-11-28  累计 84.03 万元
     10                               86.9590     -1.2422
     20                               88.0320     -0.1692
     30                               88.2012           —
     60                               90.1615     +1.9603
  （计划/紧急两列留空：本段只比较总费用随 S 的变化；S=30 为基准）

--------------------------------------------------------------------------------------------------------
6. 诊断：初值胜出分布 / 场景目标 F 作为代理的可靠度 / SOC 口径
--------------------------------------------------------------------------------------------------------
  按场景目标 F 选出的初值 q 的分布：
    q=0.50：  52 天（ 15.6%）
    q=0.60：  16 天（  4.8%）
    q=0.70：  45 天（ 13.5%）
    q=0.80： 145 天（ 43.4%）
    q=0.90：  76 天（ 22.8%）

  场景目标 F 与实际执行费用的相关性：corr(F_final, 实际) = 0.5252
  初值实际费用 1759.9032 → 优化后 1684.9860 万元（改善 -74.9172 万元）

  SOC 口径检查：
    V1重校准单一β                 日均起始   10665.0 | 日均末   10665.0 | 年末   10800.0 | 触底天数 150
    对照二b 场景采购优化              日均起始    4649.2 | 日均末    4626.5 | 年末    1200.0 | 触底天数 128

--------------------------------------------------------------------------------------------------------
7. 公平化：终端储能估值调整
--------------------------------------------------------------------------------------------------------
  共同起点：2/1 起评 E = 10800 kWh。若某方案年末库存更低，它其实'花掉了库存'，
  故按 §10 的终端估值 λ 折算补回成本：调整费 = 总费用 + λ·(E起点 − E年末)/η_c，η_c = 0.9。
  λ 取电价区间 [0.3713, 1.3952] 元/kWh（中值 0.7662）。

  版本                             年末SOC       库存缺口/kWh        原总费/万元          λ低          λ中          λ高
  V0原S1 β=0.70                 10535.0          265.0     1719.7084   1719.7193   1719.7309   1719.7495
  V1重校准单一β                     10800.0            0.0     1667.8217   1667.8217   1667.8217   1667.8217
  对照二a 场景预测+原LP                10800.0            0.0     1775.8720   1775.8720   1775.8720   1775.8720
  对照二b 场景采购优化                   1200.0         9600.0     1684.9860   1685.3820   1685.8032   1686.4742

  调整后排序（λ 取中值）：
    1. V1重校准单一β                   1667.8217 万元（相对 V0 调平后  -51.9092）
    2. 对照二b 场景采购优化                1685.8032 万元（相对 V0 调平后  -33.9277）
    3. V0原S1 β=0.70               1719.7309 万元（相对 V0 调平后   +0.0000）
    4. 对照二a 场景预测+原LP              1775.8720 万元（相对 V0 调平后  +56.1411）
  ⇒ 若排序在 λ 的整个电价区间内不变，则结论不受终端估值口径影响。

结果已落盘：C:\Users\fzz17\WorkBuddy\2026-09-10-18-17-23\results\q2_scenario.json
