====================================================================================================
问题二 · 只比较三个版本 + 费用诊断（只读）
====================================================================================================
  评价期 2025-02-01 ~ 2025-12-31，334 天；公共预热 E = 10800 kWh
  时段分组（按给定电价结构，事前可定义）：
    夜谷    00:00-06:00  区间数  36  电价均值 0.4489  范围 [0.3713, 0.9099]
    早峰    06:00-10:00  区间数  24  电价均值 0.9446  范围 [0.6899, 1.1683]
    日间    10:00-17:00  区间数  42  电价均值 0.7611  范围 [0.4113, 1.0906]
    晚峰    17:00-21:00  区间数  24  电价均值 1.2296  范围 [0.9332, 1.3952]
    其他    21:00-24:00  区间数  18  电价均值 0.5569  范围 [0.3859, 0.9871]

----------------------------------------------------------------------------------------------------
步骤 1  单一 β 重校准（W=14 固定；目标 = 完整 J，非预测误差、非紧急电量）
----------------------------------------------------------------------------------------------------
  [诊断·post-hoc，仅看形状与边界] 全年连续回放 J(β)：
    β=0.5000   全年 J =  2234.5628 万元
    β=0.5500   全年 J =  2148.5445 万元
    β=0.6000   全年 J =  2079.2052 万元
    β=0.6500   全年 J =  2023.1777 万元
    β=0.7000   全年 J =  1980.7861 万元
    β=0.7500   全年 J =  1950.3050 万元
    β=0.8000   全年 J =  1928.8302 万元
    β=0.8500   全年 J =  1917.8214 万元   ← 最优
    β=0.9000   全年 J =  1919.0167 万元
    β=0.9500   全年 J =  1940.4069 万元
    β=0.9900   全年 J =  1973.1888 万元
  ⇒ 最优 β = 0.85；落在搜索边界：否（内部解）；曲线极差 316.7413 万元（16.52% of 最优）

  [因果·可实施] 逐月单一 β 日程（第 m 月只用该月之前的数据）：
    用于  2 月 → β = 0.65   （训练至 2025-01-31）
    用于  3 月 → β = 0.65   （训练至 2025-02-28）
    用于  4 月 → β = 0.65   （训练至 2025-03-31）
    用于  5 月 → β = 0.70   （训练至 2025-04-30）
    用于  6 月 → β = 0.70   （训练至 2025-05-31）
    用于  7 月 → β = 0.85   （训练至 2025-06-30）
    用于  8 月 → β = 0.85   （训练至 2025-07-31）
    用于  9 月 → β = 0.85   （训练至 2025-08-31）
    用于 10 月 → β = 0.85   （训练至 2025-09-30）
    用于 11 月 → β = 0.85   （训练至 2025-10-31）
    用于 12 月 → β = 0.85   （训练至 2025-11-30）

  [与 §13.1 对齐] 1 月训练窗口的累计 J（细网格，复用上面已算的回放）：
    β=0.5500  1 月累计 J =  264.6310 万元
    β=0.6000  1 月累计 J =  262.2783 万元
    β=0.6500  1 月累计 J =  261.0759 万元   ← 最优
    β=0.7000  1 月累计 J =  261.0777 万元
    β=0.7500  1 月累计 J =  261.6942 万元
    β=0.8000  1 月累计 J =  262.8407 万元
    ⇒ §13.1 用 0.50~0.95 的**粗网格**得 0.70；本轮**细网格**下 1 月最优为 0.65，二者不矛盾（0.65 落在原网格的间隙里）。

----------------------------------------------------------------------------------------------------
步骤 2  费用诊断（在 V0 = 原 S1 上做，定位改进方向）
----------------------------------------------------------------------------------------------------
  V0 评价期：计划 1486.0725 万元（86.4%）、紧急 233.6358 万元（13.6%）、合计 1719.7084 万元

  (a)(b) 应急区间（e>0）的储能状态：
    应急区间 1824 个；SOC 占可用容量比例：均值 11.08%，中位 0.00%，≤5% 占 77.0%
    缺口分解：功率受限    15348.2 kWh（4.1%）、储能受限   360848.9 kWh（95.9%）  [恒等式校验 max|eP+eE−e| = 1.14e-13 kWh]
    ⇒ 现象(a) 成立：应急时 SOC 接近下限；现象(b) 功率受限仅少数。

  (c) 弃置（余量 w）与应急的关系：
    弃置总量 5,331,570.7 kWh（≈15,963 kWh/天），相当于评价期购电量 24,009,626.3 kWh 的 22.2%。
    **弃置不等于‘多买的电’**：可能来自光伏过剩，也可能来自购电，故不把全部弃置乘电价。
    · 落在净负荷<0（光伏过剩）区间上的 2,930,966.8 kWh（55.0%）→ 弃掉也不构成付费损失；
    · 可归因于购电的弃置**无法唯一归属**（能量同质），只能给区间：
        上界（购电优先）Σmin(w,b) = 3,364,253.5 kWh → 费用上界 203.4668 万元
        下界（光伏优先）Σ(w−光伏过剩)⁺ = 3,268,581.4 kWh → 费用下界 199.0585 万元
      即‘付费却弃置’的代价落在 199.06~203.47 万元，占计划费 1486.07 万元的 13.4%~13.7%——**量级可观**；
      但**不是可直接回收的损失**：减少购电会同时抬高紧急费，必须回到 J 上权衡。
    · 同一天既有弃置又有应急：204 天 / 334 天（61.1%）⇒ 计划电量时间配置欠佳。

  (d) 月度预测偏差（仅报告，不用于选参）：
       月     N̂−N_act       中位基准−N_act            判定
       2     +125.311          +99.436         无低估迹象
       3     +117.947          +90.605         无低估迹象
       4     +108.035          +78.718         无低估迹象
       5     +103.015          +69.447         无低估迹象
       6      +67.547          +26.350         无低估迹象
       7      +80.694          +42.238         无低估迹象
       8     +125.804          +89.839         无低估迹象
       9     +102.509          +64.262         无低估迹象
      10      +92.835          +65.674         无低估迹象
      11      +81.887          +58.722         无低估迹象
      12      +68.417          +44.548         无低估迹象
    说明：N̂−N_act 全月为正，是**上尾分位数构造的必然结果**（N̂ ≥ 中位基准），并非预测偏保守；
    真正需要警惕的是‘中位基准−N_act 持续为负’（历史窗口跟不上负载上移）——本数据中未出现。

----------------------------------------------------------------------------------------------------
步骤 3  三版本对比（统一口径：连续回放 + 公共预热 + 日循环期末）
----------------------------------------------------------------------------------------------------

  版本                         计划/万元       紧急/万元        总费用/万元       紧急电量/kWh       弃置/kWh
  ----------------------------------------------------------------------------------------
  V0原S1 β=0.70           1486.0725    233.6358     1719.7084       376197.1    5331570.7
  V1重校准单一β               1524.2498    143.5719     1667.8217       230423.7    5767107.9
  V2分时段β                 1528.5310    135.3777     1663.9087       219930.8    5734292.1
  V2m分组β 峰≥谷             1528.5310    135.3777     1663.9087       219930.8    5734292.1

  相对 V0 的差额与分解：
    V0原S1 β=0.70         总   -0.0000 万元（计划  +0.0000，紧急  +0.0000）
    V1重校准单一β             总  -51.8867 万元（计划 +38.1773，紧急 -90.0639）
    V2分时段β               总  -55.7997 万元（计划 +42.4585，紧急 -98.2582）
    V2m分组β 峰≥谷           总  -55.7997 万元（计划 +42.4585，紧急 -98.2582）

  月度表现（总费用 / 万元）：
       月           V0           V1           V2          V2m
       2     147.0328     145.6559     147.0328     147.0328
       3     136.1830     136.3087     136.1830     136.1830
       4     112.7999     114.0791     112.3544     112.3544
       5     121.6421     121.6415     120.0140     120.0140
       6     191.6621     191.6621     189.4874     189.4874
       7     180.7062     171.5589     172.4089     172.4089
       8     156.5706     155.3137     154.2247     154.2247
       9     140.3421     133.0119     132.1830     132.1830
      10     150.7396     142.3700     142.3991     142.3991
      11     169.9195     156.3196     156.9184     156.9184
      12     212.1104     199.9002     200.7029     200.7029

  [因果·可实施] V2 逐月分组 β 日程（早峰/日间/晚峰/其他）：
    用于  2 月 → 0.70 / 0.70 / 0.70 / 0.70
    用于  3 月 → 0.70 / 0.70 / 0.70 / 0.70
    用于  4 月 → 0.70 / 0.70 / 0.80 / 0.70
    用于  5 月 → 0.70 / 0.70 / 0.80 / 0.70
    用于  6 月 → 0.70 / 0.70 / 0.80 / 0.70
    用于  7 月 → 0.70 / 0.90 / 0.90 / 0.70
    用于  8 月 → 0.70 / 0.90 / 0.90 / 0.70
    用于  9 月 → 0.90 / 0.80 / 0.90 / 0.70
    用于 10 月 → 0.90 / 0.80 / 0.90 / 0.70
    用于 11 月 → 0.90 / 0.80 / 0.90 / 0.70
    用于 12 月 → 0.80 / 0.90 / 0.90 / 0.70

----------------------------------------------------------------------------------------------------
步骤 4  公平 PI 参照（完美日前预测；物理约束/日循环期末/评价边界三者相同）
----------------------------------------------------------------------------------------------------
  PI(完美日前预测)：计划 1229.1025 + 紧急 0.0000 = 1229.1025 万元
  相对 V0（1719.7084）的差距：-490.6059 万元
  ⇒ 同一物理约束与评价边界下，完美日前预测相对 V0 的可解释空间为 490.6059 万元。
  注：这是完美**日前**预测参照；若 PI 另有跨日完美信息，其费用会更低，
      故该差距只作**该模型族内的参照**，不能当作绝对上界。

结果已落盘：C:\Users\fzz17\WorkBuddy\2026-09-10-18-17-23\results\q2_three_way.json
