========================================================================================================
§24 结构性挑战：库存价值函数 + 条件场景 + 非前瞻采购/储能联合优化
========================================================================================================
  评价期 2025-02-01 ~ 2025-12-31（334 天）；公共预热 E = 10800 kWh

[0] 逐月库存价值函数（FVI；场景=该月之前最近 ≤60 天）
     2 月  E_star: min    1200  max    9120  均值    4822 kWh   Φ(E_MIN)=12199.3  Φ(E_MAX)=7361.9
     3 月  E_star: min    1200  max    9360  均值    5475 kWh   Φ(E_MIN)=21779.3  Φ(E_MAX)=12405.7
     4 月  E_star: min    1200  max   10560  均值    5618 kWh   Φ(E_MIN)=27353.5  Φ(E_MAX)=14829.4
     5 月  E_star: min    1200  max    9360  均值    5068 kWh   Φ(E_MIN)=17576.5  Φ(E_MAX)=9338.1
     6 月  E_star: min    1200  max    9600  均值    4500 kWh   Φ(E_MIN)=18424.1  Φ(E_MAX)=10848.7
     7 月  E_star: min    1200  max    9600  均值    5018 kWh   Φ(E_MIN)=23294.4  Φ(E_MAX)=17219.2
     8 月  E_star: min    1200  max    9600  均值    5053 kWh   Φ(E_MIN)=26762.9  Φ(E_MAX)=19434.6
     9 月  E_star: min    1200  max    9120  均值    4550 kWh   Φ(E_MIN)=14277.1  Φ(E_MAX)=9744.7
    10 月  E_star: min    1200  max    9840  均值    5035 kWh   Φ(E_MIN)=37308.4  Φ(E_MAX)=27799.2
    11 月  E_star: min    1200  max    9840  均值    5302 kWh   Φ(E_MIN)=25785.5  Φ(E_MAX)=15636.2
    12 月  E_star: min    1200  max    9840  均值    5320 kWh   Φ(E_MIN)=20197.5  Φ(E_MAX)=10013.8
    [示例 8 月逐时 E_star（kWh），每 2h 取一点]
    00h: 3600  02h: 6960  04h: 7200  06h: 2400  08h: 1200  10h: 1200  12h: 5760  14h: 6960  16h: 8880  18h: 9120  20h: 1920  22h: 2640

[1] 复现 V5（§23 arm B 因果日程），取购电序列 b
    V5 对拍 = 1583.7354 万元（§23 公布 1583.7354，差 -0.0000）
    [自检] 价值反馈(E_star≡E_MIN) 复现 must/max V5 = 1583.7354（差 +0.00e+00，应≈0）

[2] P2 固定 V5 合同 + 价值反馈执行（隔离'主动留电'的价值）
    P2 = 1581.6655 万元   相对 V5 -2.0699

[3] P3 条件场景新采购 + must/max 执行（隔离'采购结构'）
    d=31 (2025-02-01) 累计 0s
    d=71 (2025-03-13) 累计 2s
    d=111 (2025-04-22) 累计 3s
    d=151 (2025-06-01) 累计 5s
    d=191 (2025-07-11) 累计 6s
    d=231 (2025-08-20) 累计 8s
    d=271 (2025-09-29) 累计 9s
    d=311 (2025-11-08) 累计 11s
    d=351 (2025-12-18) 累计 12s
    P3 = 1642.5783 万元   相对 V5 +58.8429

[4] P4 条件场景新采购 + 价值反馈执行（联合）
    d=31 (2025-02-01) 累计 0s
    d=71 (2025-03-13) 累计 2s
    d=111 (2025-04-22) 累计 3s
    d=151 (2025-06-01) 累计 5s
    d=191 (2025-07-11) 累计 6s
    d=231 (2025-08-20) 累计 8s
    d=271 (2025-09-29) 累计 9s
    d=311 (2025-11-08) 累计 11s
    d=351 (2025-12-18) 累计 12s
    P4 = 1636.0657 万元   相对 V5 +52.3303

========================================================================================================
消融汇总（评价期，万元）
========================================================================================================
  方案                            计划        紧急        总费用      相对V5     P99    大紧急    起始SOC    触底       折算中
  V5 基线                  1489.4516   94.2838  1583.7354   +0.0000   3.538     47     4642   116 1584.4537
  P2 固定合同+价值反馈           1489.4516   92.2139  1581.6655   -2.0699   3.206     49     4706   110 1582.3659
  P3 新采购+尽限              1533.3437  109.2346  1642.5783  +58.8429   4.338     56     6358   110 1643.1178
  P4 新采购+价值反馈            1530.0729  105.9929  1636.0657  +52.3303   3.890     57     6350   107 1636.6053

  单独效应：价值反馈 -2.0699｜采购 +58.8429｜联合 +52.3303｜交互(协同) +4.4426（>0 表示联合比各自之和更省）

结果已落盘：results/q2_value_adp.json   总耗时 29s
