========================================================================================================
§25 认证随机 LP 采购（anticipative 乐观界）+ 因果部署
========================================================================================================
  评价期 2025-02-01 ~ 2025-12-31（334 天）；场景数固定 S=12；公共预热 E=10800

[0] 逐月价值函数（取 Φ 与 E*，复用 §24）
    完成

[1] 乐观采购 LP（每天一次认证全局最优）+ 因果部署（must / value）
    d=31 (2025-02-01) 累计 0s
    d=71 (2025-03-13) 累计 6s
    d=111 (2025-04-22) 累计 11s
    d=151 (2025-06-01) 累计 16s
    d=191 (2025-07-11) 累计 21s
    d=231 (2025-08-20) 累计 26s
    d=271 (2025-09-29) 累计 30s
    d=311 (2025-11-08) 累计 35s
    d=351 (2025-12-18) 累计 39s

========================================================================================================
汇总（评价期，万元）
========================================================================================================
  方案                        计划        紧急        总费用      相对V5      相对V6     P99    起始SOC       折算中
  LP采购+must          1482.6906  169.8009  1652.4916  +68.7562  +70.8261   6.375     6510 1653.0074
  LP采购+value         1482.6906  158.2240  1640.9146  +57.1792  +59.2491   5.637     6512 1641.4304

  [参照] V5 = 1583.7354｜V6 = 1581.6655
  [乐观训练目标均值] anticipative LP 每日最优目标 = 5.9954 万元/天（含 Φ 终端；是**不可实施**的信息放松参考）

结果已落盘：results/q2_saa_lp.json   总耗时 42s
