========================================================================================================
§32 γ 网格上扩到 1.5（验证 §30 的 γ=1.0 是内点最优还是边界截断）
========================================================================================================
  γ 网格: [0.0, 0.25, 0.5, 0.75, 1.0, 1.25, 1.5]
  β 网格: [0.6, 0.65, 0.7, 0.75, 0.8, 0.85, 0.9]
  W 网格: [7, 14, 21]
  候选总数：147（§30 是 105，本节 147）
  其它不动：执行 must/max、期末 geq2400、采购层直接 LP

[0] 全年回放 147 个候选
    β=0.60 完成（累计 47s）
    β=0.65 完成（累计 94s）
    β=0.70 完成（累计 139s）
    β=0.75 完成（累计 185s）
    β=0.80 完成（累计 230s）
    β=0.85 完成（累计 276s）
    β=0.90 完成（累计 322s）

[1] 自检：γ=0, β=0.70, W=14 + cycle ⇒ 1719.7084
  γ=0, β=0.70, W=14 (cycle) 评价期 = 1719.7084 万元（应 ≈ 1719.7084）

[2] (β, W, γ) 联合 walk-forward
     月    β*   W*    γ*
     2  0.60    7  0.25
     3  0.60    7  0.75
     4  0.70    7  1.00
     5  0.70    7  1.00
     6  0.75    7  1.00
     7  0.75    7  1.00
     8  0.75    7  1.00
     9  0.75    7  1.00
    10  0.75    7  1.00
    11  0.75    7  1.00
    12  0.75    7  1.00

[3] 评价期回放
  V_dow_ext (β, W, γ 联合日程) = 1412.0619 万元
  Δ vs V_dow (γ 上界=1.0) = +0.0000 万元

[4] 逐月 γ* 分布（看是否顶在 1.0）
  γ > 1.0 的月份: 0/11
  γ = 1.0 的月份: 9/11
  γ < 1.0 的月份: 2/11

[5] 风险（评价期）
  方案                            计划        紧急         总    大紧急     P99     日均SOC    触底
  V_dow_ext              1324.2947   87.7673 1412.0619     44   3.599     10649   119

[6] 与基线对比
  V0              = 1719.7084 万元
  V_dow (γ≤1.0)  = 1412.0619 万元
  V_dow_ext       = 1412.0619 万元  (Δ vs V_dow = +0.0000)
  ⇒ γ=1.0 是否边界截断: 否（γ=1.0 已是内点最优或被 γ>1.0 推到更差）

结果已落盘：results/q2_dow_gamma_extend.json
总耗时 324s
