========================================================================================================
§12-7 预测构造阶梯（只读；策略/执行/预热/评价边界全部不动）
========================================================================================================
  评价期 334 天；β=0.70, W=14（除注明）；must/max greedy

  预测构造                            计划/万元      紧急/万元       总费用/万元      紧急电量/kWh      弃置/kWh      平均偏差
  --------------------------------------------------------------------------------------------------
  ① W14 中位基准（现状）              1486.0725   233.6358    1719.7084      376197.1   5331570.7   +97.479
  ② W7 中位基准                   1477.6145   200.8286    1678.4431      319931.3   5122784.7   +94.642
  ③ W21 中位基准                  1490.0616   280.1320    1770.1936      453674.3   5488783.7   +98.856
  ④ base 时间加权 ρ=0.8           1433.6569   493.2467    1926.9036      801230.6   4989096.2   +80.867
  ⑤ base 趋势平移                 1499.2589  1041.9082    2541.1671     1835604.9   6989682.8   +97.098
  ⑥ base=昨日实测                 1309.0185   819.7424    2128.7609     1532780.3   3970449.7   +30.278
  ⑦ W14 + β=0.85              1564.6026    89.0954    1653.6981      144941.1   6313495.7  +121.917
  [参照] 完美日总量+历史形状             1204.6589   423.7077    1628.3667     1033537.4   1513256.7    -0.000
  [参照] 历史水平+完美形状              1479.2155   178.9453    1658.1608      293211.4   5292886.4   +97.479
  [参照] 完美日前 PI                1229.1025     0.0000    1229.1025           0.0    990168.1    +0.000

  基线校验：① = 1719.7084 万元（应为 1719.7084；偏差 -0.000027）
  PI 差距 = 490.6059 万元

  相对现状（①）的差额，及其对 PI 差距的收回比例：
    预测构造                             相对①/万元       收回PI差距
    ----------------------------------------------------
    ① W14 中位基准（现状）                  +0.0000         0.0%
    ② W7 中位基准                      -41.2653         8.4%
    ③ W21 中位基准                     +50.4852       -10.3%
    ④ base 时间加权 ρ=0.8             +207.1952       -42.2%
    ⑤ base 趋势平移                   +821.4587      -167.4%
    ⑥ base=昨日实测                   +409.0525       -83.4%
    ⑦ W14 + β=0.85                 -66.0103        13.5%
    [参照] 完美日总量+历史形状                -91.3417        18.6%
    [参照] 历史水平+完美形状                 -61.5476        12.5%
    [参照] 完美日前 PI                  -490.6059       100.0%

  ⇒ 最好的**可实施**构造：⑦ W14 + β=0.85 = 1653.6981 万元，相对现状 -66.0103 万元，收回 PI 差距 13.5%
  ⇒ 诊断参照（不可实施）：完美日总量+历史形状 收回 18.6%；完美日前 PI 收回 100%

  判读：若‘可实施构造’全都只收回个位数百分比，而‘完美日总量’能收回一大截，
        则剩余费用的性质是**当日总量/形状的不可预知**，不是估计量选得不好——
        这正是‘不该继续调参’的正面证据。
