====================================================================================================
§38 V_dow_N 联合网格细化（W=7, γ=1.0 固定；扩展 β、N）
====================================================================================================
  β ∈ [0.65, 0.7, 0.75, 0.8] | N ∈ [2, 3, 4, 5, 6, 8, 10] | W=7, γ=1.0
  候选数 = 28

[0] 自检 β=0.70 + N=6 ⇒ V0 ≈ 1719.71
  β=0.70, N=6 评价期 = 1414.1461 万元（应 ≈ 1719.7084）

[1] 全年回放 28 个 (β, N) 候选
    β=0.65 完成（18s）
    β=0.70 完成（34s）
    β=0.75 完成（49s）
    β=0.80 完成（64s）

[2] (β, N) 联合 walk-forward
     月     β*   N*
     2   0.65    3
     3   0.75    3
     4   0.75    3
     5   0.75    3
     6   0.80    3
     7   0.80    3
     8   0.80    3
     9   0.80    3
    10   0.80    3
    11   0.80    3
    12   0.80    3

[3] 评价期回放
  V_dow_N_38 (β, N 扩展联合) = 1396.4846 万元
  Δ vs V_dow_N(§37) = +0.7851 万元
  Δ vs V_dow        = -15.5773 万元
  Δ vs V0           = -323.2238 万元

[4] 逐月 N* 分布
  N= 2: 0/11
  N= 3: 11/11
  N= 4: 0/11
  N= 5: 0/11
  N= 6: 0/11
  N= 8: 0/11
  N=10: 0/11

[5] 逐月 β* 分布
  β=0.65: 1/11
  β=0.70: 0/11
  β=0.75: 3/11
  β=0.80: 7/11

[6] 与 §37 单点 (β=0.75, N=4) 评价期比较
  (β=0.75, N=4) 固定全年评价期 = 1395.2481 万元

[7] 与 V_dow_N 比较
  V_dow_N(§37, 36候选) = 1395.6995
  V_dow_N_38(§38, 28候选，固定 W=7,γ=1.0) = 1396.4846
  ⇒ 网格细化反而恶化 = +0.7851 万元（§37 N=4 已内点最优）

结果已落盘：results/q2_dow_N_joint_finer.json
总耗时 68s
