==============================================================================================================
§35 联合 (γ_L, γ_PV) walk-forward（用 §30 的净 dow 信号分解为两条独立信号）
==============================================================================================================
  公式: L̂ = m_L + γ_L·Δ_dow_L；Ĝ = m_PV + γ_PV·Δ_dow_PV；N̂ = L̂ − Ĝ + margin
  γ_L ∈ [0.0, 0.5, 1.0] | γ_PV ∈ [-1.0, -0.5, 0.0, 0.5, 1.0] | β ∈ [0.7, 0.75] | W ∈ [7, 14]
  候选数 = 60

[0] 自检 γ_L=0, γ_PV=0, β=0.70, W=14 cycle ⇒ 应 ≈ 1677.31 (§34 自检)
  γ_L=0, γ_PV=0, β=0.70, W=14 评价期 = 1677.3083 万元

[1] 全年回放 60 个候选
    β=0.70 完成（累计 69s）
    β=0.75 完成（累计 136s）

[2] (β, W, γ_L, γ_PV) 联合 walk-forward
     月    β*   W*   γ_L*   γ_PV*
     2  0.70    7   0.00    0.00
     3  0.70    7   0.00    0.00
     4  0.70    7   0.50    1.00
     5  0.70    7   0.50    1.00
     6  0.75    7   0.50    1.00
     7  0.75    7   0.50    1.00
     8  0.75    7   0.50    1.00
     9  0.75    7   0.50    1.00
    10  0.75    7   0.50    1.00
    11  0.75    7   1.00    1.00
    12  0.75    7   1.00    1.00

[3] 评价期回放
  V_lpv_joint (β, W, γ_L, γ_PV 联合日程) = 1490.4739 万元
  Δ vs V_dow        = +78.4120 万元
  Δ vs V_lpv(§34)   = -58.0961 万元
  Δ vs V0           = -229.2345 万元

[4] 逐月 γ* 分布
  γ_L > 0: 9/11 | γ_L = 0: 2/11 | γ_L < 0: 0/11
  γ_PV > 0: 9/11 | γ_PV = 0: 2/11 | γ_PV < 0: 0/11

[5] 风险（评价期）
  方案                            计划        紧急         总    大紧急     P99     日均SOC    触底
  V_lpv_joint            1405.5502   84.9237 1490.4739     37   2.967     10713   129

[6] 与基线对比
  V0              = 1719.7084 万元
  V_dow (γ on net)= 1412.0619 万元
  V_lpv (§34)     = 1548.5700 万元
  V_lpv_joint(§35)= 1490.4739 万元  (Δ vs V_dow = +78.4120)
  ⇒ 联合仍劣于 V_dow：γ-on-net 是最优 dow 形式，不可被分拆替代
  ⇒ 11 个月中选 γ_PV ≠ 0 的次数: 9/11

结果已落盘：results/q2_dow_lpv_joint.json
总耗时 138s
