========================================================================================================
§26 原因判别：采购不行 = 没解好 还是 场景不准？
========================================================================================================
  评价期 2025-02-01 ~ 2025-12-31（334 天）；冻结基准 V6 = 1581.6655 万元

[0] 逐月价值函数（Φ 与 E*）
    完成

[任务1] 冻结 V6 基准（V5 合同 + 价值反馈），输出统一口径
  V6：计划 1489.4516 + 紧急 92.2139 = 1581.6655 万元（对拍 1581.6655，差 -0.0000）
  供能余量（弃置）= 4,811,025 kWh；年末 SOC = 2573 kWh
  V6 月度费用（计划/紧急/合计，万元）：
      月        计划        紧急        合计
      2  140.0206    0.2442  140.2647
      3  126.8389    9.3343  136.1732
      4  103.6984    7.5082  111.2065
      5  105.8328    9.2221  115.0549
      6  137.8893   22.0490  159.9384
      7  156.4483    9.1260  165.5742
      8  144.1537    4.2658  148.4196
      9  121.2391    6.4086  127.6477
     10  126.3066    8.4483  134.7549
     11  143.9666    6.0054  149.9721
     12  183.0572    9.6020  192.6592
  外部 1300–1400 万元方案：**未核验**——需其费用分解（计划/紧急）与信息假设；在拿到之前不围绕该总数调整模型。

[任务2] 三值诊断：A(松弛下界) ≤ 最优 ≤ B(CD) ≤ C(V6合同)；同场景/同初始/同 Φ
    d=31 累计 0s
    d=71 累计 12s
    d=111 累计 23s
    d=151 累计 33s
    d=191 累计 44s
    d=231 累计 54s
    d=271 累计 65s
    d=311 累计 75s
    d=351 累计 85s

========================================================================================================
判别汇总（评价期日均，元/天；以及全年合计万元）
========================================================================================================
  【场景问题上（同一批历史场景，含相同 Φ 终端）】
    A  松弛下界(anticipative 最优 b)   = 2041.6031 万元
    A_V6 固定V6合同+自由储能           = 2125.1245 万元
    B  CD优化后的合同(因果)            = 2099.0558 万元
    C  V6合同(因果价值反馈)            = 2172.9165 万元
    链校验 A≤A_V6≤C：True；A≤B≤C：True
    → 政策差距(C−A_V6) = +47.7920 万元（因果政策 vs 自由储能，同一 V6 合同）
    → 合同差距(A_V6−A) = +83.5213 万元（自由储能下 V6 合同 vs 最优合同）
    → CD在场景上确有的优化(C−B) = +73.8607 万元
    → CD距松弛下界(B−A) = +57.4526 万元（含政策差距+求解残差，是求解残差的上界）
  【实测日部署（同一初始状态，因果价值反馈）】
    V6   = 1581.6655 万元
    CD合同 = 1659.2770 万元（相对 V6 +77.6116）
    LB合同 = 1670.4700 万元（相对 V6 +88.8046）

  【迁移判别】场景改进 C−B = +73.8607 万元；实测迁移 V6−CD = -77.6116 万元；迁移比 = -1.051

结果已落盘：results/q2_solve_quality.json   总耗时 91s
