========================================================================================================
§22 历史窗口能否再短：把 W 拆成 水平窗 Wb ＋ 储备窗 Wr（只读）
========================================================================================================
  期末规则固定为 V4 选出的 geq 2400 kWh（§21 显示 L 对结论不敏感）
  arm A（原估计量）   33 个候选 = β 11 × W [7, 14, 21]
  arm B（拆分估计量）165 个候选 = β 11 × Wb [3, 5, 7, 14, 28] × Wr [7, 14, 21]
  评价期 2025-02-01 ~ 2025-12-31（334 天）；公共预热 E = 10800 kWh

--------------------------------------------------------------------------------------------------------
1. 口径校验（固定 β 的全年回放，对拍已发表数字）
--------------------------------------------------------------------------------------------------------
  β=0.70, W=14, cycle      → 1719.7084 万元   对拍 V0        = 1719.7084  差 -0.0000
  β=0.90, W=7, geq2400     → 1580.2007 万元   对拍 §21 事后界 = 1580.2007  差 -0.0000

--------------------------------------------------------------------------------------------------------
2. [因果·可实施] 两个 arm 各自的逐月选参（同一协议）
--------------------------------------------------------------------------------------------------------

  --- arm A（33 候选，累计 79s）---
     月   选出的预测参数
     2   β=0.70 W=14
     3   β=0.75 W=7
     4   β=0.75 W=7
     5   β=0.75 W=7
     6   β=0.80 W=7
     7   β=0.85 W=7
     8   β=0.85 W=7
     9   β=0.85 W=7
    10   β=0.85 W=7
    11   β=0.85 W=7
    12   β=0.90 W=7
  ⇒ arm A 评价期 = 1588.9721 万元

  --- arm B（165 候选，累计 465s）---
     月   选出的预测参数
     2   β=0.70 Wb=14,Wr=21
     3   β=0.75 Wb=14,Wr=21
     4   β=0.80 Wb=14,Wr=14
     5   β=0.80 Wb=14,Wr=14
     6   β=0.80 Wb=28,Wr=7
     7   β=0.80 Wb=28,Wr=7
     8   β=0.85 Wb=28,Wr=7
     9   β=0.85 Wb=28,Wr=7
    10   β=0.85 Wb=28,Wr=7
    11   β=0.85 Wb=28,Wr=7
    12   β=0.85 Wb=28,Wr=7
  ⇒ arm B 评价期 = 1590.6484 万元

--------------------------------------------------------------------------------------------------------
3. 关键判定
--------------------------------------------------------------------------------------------------------
  arm A（原估计量，W≥7）        = 1588.9721 万元   对拍 §21 V4 = 1588.9721  差 -0.0000  ← 应 ≈0
  arm B（拆分估计量，Wb 可 <7） = 1590.6484 万元
  ⇒ 拆分估计量相对原始估计量 = +1.6763 万元（更差）
  arm B 逐月选到的 Wb：[14, 14, 14, 14, 28, 28, 28, 28, 28, 28, 28]
  arm B 逐月选到的 Wr：[21, 21, 14, 14, 7, 7, 7, 7, 7, 7, 7]
  ⇒ Wb<7 的月份数 = 0/11；Wb=7 的月份数 = 0/11

--------------------------------------------------------------------------------------------------------
4. 风险与终端估值（win 的一方 vs arm A）
--------------------------------------------------------------------------------------------------------
  版本                          计划/万元      紧急/万元       总费用/万元      大紧急天数     日紧急P99      单日最坏      日均起始SOC     年末SOC
  arm A（原估计量）             1492.8075    96.1645    1588.9721         46     3.0388    8.6474       4678.0    2571.2
  arm B（拆分估计量）            1504.6580    85.9903    1590.6484         38     2.9817    8.3428       4803.2    2444.2

  λ ∈ [0.3713, 1.3952] 元/kWh（中值 0.7662）；η_c = 0.9
  arm A（原估计量）            库存缺口   8228.8 kWh ⇒ 原 1588.9721｜λ低 1589.3115｜λ中 1589.6726｜λ高 1590.2477
  arm B（拆分估计量）           库存缺口   8355.8 kWh ⇒ 原 1590.6484｜λ低 1590.9931｜λ中 1591.3597｜λ高 1591.9437

--------------------------------------------------------------------------------------------------------
5. 事后最优（不可实施，仅界定空间）：拆分估计量在各 (Wb,Wr) 上的最好 β
--------------------------------------------------------------------------------------------------------
  Wb=3   Wr=7   事后最优 β=0.95 → 2273.1732 万元（相对 V0 +553.4649）
  Wb=3   Wr=14  事后最优 β=0.90 → 2272.5328 万元（相对 V0 +552.8245）
  Wb=3   Wr=21  事后最优 β=0.90 → 2262.9722 万元（相对 V0 +543.2638）
  Wb=5   Wr=7   事后最优 β=0.85 → 1626.1436 万元（相对 V0  -93.5647）
  Wb=5   Wr=14  事后最优 β=0.80 → 1621.1668 万元（相对 V0  -98.5416）
  Wb=5   Wr=21  事后最优 β=0.80 → 1622.1150 万元（相对 V0  -97.5934）
  Wb=7   Wr=7   事后最优 β=0.85 → 1589.2431 万元（相对 V0 -130.4652）
  Wb=7   Wr=14  事后最优 β=0.80 → 1596.2587 万元（相对 V0 -123.4496）
  Wb=7   Wr=21  事后最优 β=0.80 → 1596.2208 万元（相对 V0 -123.4876）

结果已落盘：results/q2_window_split.json
总耗时 665s
