============================================================================================================
§28 诊断修正（只读）：覆盖指标 / CVaR 离散权重 / 同合同求解残差 / 连续回放 / newsvendor
============================================================================================================
  评价期 334 天；高价窗口 15 区间/天

[Part 5] newsvendor 检验：期望成本最优是否已给出上分位采购
  无储能单层 min p·b + 5p·E[(N-b)^+] ⇒ 理论 F(b*)=0.8
  实测（前7天经验分布，334 天）：均值 0.7999｜中位 0.7996｜P10 0.7956｜P90 0.8036

[Part 1] 覆盖指标重定义（包络超出率 / 加权 PIT / 超出量 / 峰值误差）
    [G1近期整日] 2s
    [G2相似日匹配] 2s
    [G3因果残差] 2s
    [G4尾部增强残差] 2s

  构造                 旧指标    PIT均值  PIT>0.9  PIT>0.5      KS      包络超出      高价超出     包络外kWh     高价外kWh      峰值幅差     峰时差
  G1近期整日           0.503    0.526    0.160    0.515   0.457     0.071     0.063      292.7       19.4      46.5   13.53
  G2相似日匹配          0.498    0.524    0.162    0.509   0.419     0.073     0.065      333.6       24.1      41.5   12.10
  G3因果残差           0.500    0.527    0.154    0.525   0.455     0.067     0.070      275.3       20.4      42.8   13.52
  G4尾部增强残差         0.623    0.453    0.074    0.440   0.435     0.014     0.006       77.9        1.6     -16.0   12.56
  （PIT 校准良好 ⇒ PIT均值≈0.50、PIT>0.9≈0.10、KS 小；包络超出率 = 实测高于所有场景的比例）

[Part 3] 求解残差的『同合同』合法分解（证伪政策差距为常数）
    d=31 累计 0s
    d=91 累计 21s
    d=151 累计 40s
    d=211 累计 60s
    d=271 累计 79s
    d=331 累计 97s
    A(松弛下界)      = 2041.6031
    A_V6(V6合同自由储能)= 2125.1245
    A_CD(CD合同自由储能)= 2077.9095
    B (CD合同因果)   = 2099.0558
    C (V6合同因果)   = 2172.9165
  → 政策差距(V6合同) = +47.7920；政策差距(CD合同) = +21.1463
  → 两者差 -26.6457 ⇒ 政策差距随合同变化，减法不合法（原 10 万推导作废）
  → 唯一合法的求解残差上界：B − J*_causal ≤ B − A = +57.4526 万元（不可再收紧）
  → 其分解：同合同政策差距(B−A_CD) +21.1463 ＋ CD合同 anticipative 次优性(A_CD−A) +36.3064
    （注意：B−A_CD 是『政策差距』不是求解残差；J*_causal ≥ A 恒成立，故只有 B−A 是上界）

[Part 2/4] CVaR 离散修正 + 各候选自身 SOC 连续回放
    CVaR 自检 α=0.7: 标准式 81.481993｜R-U 81.481993｜差 2.84e-14
    CVaR 自检 α=0.9: 标准式 114.540820｜R-U 114.540820｜差 1.99e-13
    CVaR 自检 α=0.95: 标准式 130.400005｜R-U 130.400005｜差 5.68e-13
    V6 连续回放 = 1581.6655（对拍 1581.6655，差 -0.0000）
    G1近期整日 期望·连续 = 1622.8635（相对 V6 +41.1980） 年末SOC 4652  [12s]
    G2相似日匹配 期望·连续 = 1666.3349（相对 V6 +84.6694） 年末SOC 4462  [12s]
    G3因果残差 期望·连续 = 1615.9547（相对 V6 +34.2892） 年末SOC 4652  [11s]
    G4尾部增强残差 期望·连续 = 1649.4485（相对 V6 +67.7831） 年末SOC 5562  [12s]
    G3因果残差 CVaR(修正)·连续 = 1642.9917（相对 V6 +61.3263）  [12s]
    G4尾部增强残差 CVaR(修正)·连续 = 1819.3321（相对 V6 +237.6666）  [12s]

结果已落盘：results/q2_diag_fix.json   总耗时 187s
