============================================================================================================
§28 诊断修正（只读）：覆盖指标 / CVaR 离散权重 / 同合同求解残差 / 连续回放 / newsvendor
============================================================================================================
  评价期 334 天；高价窗口 15 区间/天

[Part 3] 求解残差的『同合同』合法分解（证伪政策差距为常数）
    d=31 累计 0s
    d=91 累计 21s
    d=151 累计 40s
    d=211 累计 59s
    d=271 累计 78s
    d=331 累计 96s
    A(松弛下界)      = 2041.6031
    A_V6(V6合同自由储能)= 2125.1245
    A_CD(CD合同自由储能)= 2077.9095
    B (CD合同因果)   = 2099.0558
    C (V6合同因果)   = 2172.9165
  → 政策差距(V6合同) = +47.7920；政策差距(CD合同) = +21.1463
  → 两者差 -26.6457 ⇒ 政策差距随合同变化，减法不合法（原 10 万推导作废）
  → 唯一合法的求解残差上界：B − J*_causal ≤ B − A = +57.4526 万元（不可再收紧）
  → 其分解：同合同政策差距(B−A_CD) +21.1463 ＋ CD合同 anticipative 次优性(A_CD−A) +36.3064
    （注意：B−A_CD 是『政策差距』不是求解残差；J*_causal ≥ A 恒成立，故只有 B−A 是上界）

结果已落盘：results/q2_diag_fix.json   总耗时 109s
