=== 说明 =====================================================
  高价分组阈值 p90 = 1.2500 元/kWh（由题面给定电价曲线确定，事前可定义）
  高价时段 15 个/天；现状口径 (β=0.70, W=14, ρ=1) 评价期 应在 1719.7084 万元附近

==============================================================================
### 第 3 层 A：θ=(β, W, ρ) 含历史时间权重（候选 18 个）
==============================================================================
滚动选参日程：
  用于  2 月 → β=0.70, W=14, ρ=1.00
  用于  3 月 → β=0.80, W= 7, ρ=0.90
  用于  4 月 → β=0.70, W=14, ρ=0.90
  用于  5 月 → β=0.70, W=14, ρ=1.00
  用于  6 月 → β=0.80, W=14, ρ=0.80
  用于  7 月 → β=0.80, W=14, ρ=0.80
  用于  8 月 → β=0.90, W= 7, ρ=0.80
  用于  9 月 → β=0.90, W= 7, ρ=0.80
  用于 10 月 → β=0.90, W= 7, ρ=0.80
  用于 11 月 → β=0.90, W= 7, ρ=0.80
  用于 12 月 → β=0.90, W= 7, ρ=0.80

  现状(β=0.70,W=14,ρ=1)：总  1719.7084 万元
  滚动 θ            ：总  1626.8751 万元（-92.8332） | 计划 1527.0568 | 紧急 99.8183 | 紧急电量 159076.0 kWh

  【归因】同一网格内 ρ=1 限定：1633.0429 万元 ⇒ ρ（时间权重）的增量收益 = +6.1678 万元

==============================================================================
### 第 4 层 B：θ=(β_hi, β_lo, W) 两时段分组（候选 18 个）
==============================================================================
滚动选参日程：
  用于  2 月 → β_hi=0.80/β_lo=0.70, W=14, ρ=1.00
  用于  3 月 → β_hi=0.90/β_lo=0.70, W= 7, ρ=1.00
  用于  4 月 → β_hi=0.90/β_lo=0.70, W= 7, ρ=1.00
  用于  5 月 → β_hi=0.90/β_lo=0.60, W=14, ρ=1.00
  用于  6 月 → β_hi=0.90/β_lo=0.80, W= 7, ρ=1.00
  用于  7 月 → β_hi=0.95/β_lo=0.80, W= 7, ρ=1.00
  用于  8 月 → β_hi=0.95/β_lo=0.80, W= 7, ρ=1.00
  用于  9 月 → β_hi=0.95/β_lo=0.80, W= 7, ρ=1.00
  用于 10 月 → β_hi=0.95/β_lo=0.80, W= 7, ρ=1.00
  用于 11 月 → β_hi=0.95/β_lo=0.80, W= 7, ρ=1.00
  用于 12 月 → β_hi=0.95/β_lo=0.80, W= 7, ρ=1.00

  现状(β=0.70,W=14,ρ=1)：总  1719.7084 万元
  滚动 θ            ：总  1639.4357 万元（-80.2727） | 计划 1515.8536 | 紧急 123.5821 | 紧急电量 199049.5 kWh

  【归因】分组 β 相对 'ρ=1 且单一 β' 的滚动结果（1633.0429 万元）： -6.3928 万元

==============================================================================
### 第 4 层 C：θ=(β_hi, β_lo, W, ρ) 分组 β + 时间权重（候选 54 个）
==============================================================================
滚动选参日程：
  用于  2 月 → β_hi=0.90/β_lo=0.70, W=14, ρ=0.90
  用于  3 月 → β_hi=0.90/β_lo=0.70, W= 7, ρ=1.00
  用于  4 月 → β_hi=0.90/β_lo=0.70, W= 7, ρ=1.00
  用于  5 月 → β_hi=0.90/β_lo=0.70, W=14, ρ=0.90
  用于  6 月 → β_hi=0.90/β_lo=0.80, W=14, ρ=0.80
  用于  7 月 → β_hi=0.95/β_lo=0.80, W=14, ρ=0.80
  用于  8 月 → β_hi=0.95/β_lo=0.80, W=14, ρ=0.80
  用于  9 月 → β_hi=0.95/β_lo=0.80, W=14, ρ=0.80
  用于 10 月 → β_hi=0.95/β_lo=0.80, W= 7, ρ=1.00
  用于 11 月 → β_hi=0.95/β_lo=0.80, W= 7, ρ=1.00
  用于 12 月 → β_hi=0.95/β_lo=0.80, W= 7, ρ=1.00

  现状(β=0.70,W=14,ρ=1)：总  1719.7084 万元
  滚动 θ            ：总  1629.7933 万元（-89.9150） | 计划 1517.0451 | 紧急 112.7482 | 紧急电量 182377.8 kWh

  【归因】C 相对 A（含时间权重的最好单一 β）：-2.9182 万元（≤0 表示分组 β 在并入时间权重后仍无增益）

==============================================================================
  现状                       1719.7084 万元
  §14 滚动 (β,W)             1633.0429 万元（−86.6654）
  本层 A 滚动 (β,W,ρ)         1626.8751 万元（(A1−A) 归因 ρ=+6.1678）
  本层 B 滚动 (β_hi,β_lo,W)   1639.4357 万元（相对 A1 归因分组 β=-6.3928）
  本层 C 滚动 (β_hi,β_lo,W,ρ) 1629.7933 万元（相对 A 归因 -2.9182）
  注：A/B/C 网格比 §14 更窄（W 只到 14、β 只到 0.90/0.95）；
      但 A1（ρ=1 限制）已精确复现 §14 的 1633.0429，故 A 的 ρ 归因是干净可比的。
