========================================================================================================
§12-6 期末结构检验（只改期末/跨日结构，其余完全不变）
========================================================================================================
  评价期 334 天；公共预热 E = 10800 kWh；区间 [1200, 10800]；β=0.70, W=14, must/max
  注意：E_FEB1 = 10800 = E_MAX ⇒ 现状等价于**每天从满电开始、且必须回到满电**。
  A0 日循环 H=1（现状）         计划  1486.0725  紧急  233.6358  总  1719.7084 万元  紧急电量   376197.1  弃置    5331570.7
  A1 跨日结转 H=2            计划  1473.5501  紧急  232.6859  总  1706.2359 万元  紧急电量   374519.9  弃置    5065729.6
  A2 跨日结转 H=3            计划  1473.5501  紧急  232.6859  总  1706.2359 万元  紧急电量   374519.9  弃置    5065729.6
  A3 期末自由 ≥1200          计划  1451.6703  紧急  237.0163  总  1688.6866 万元  紧急电量   394587.8  弃置    4535427.3
  A4 期末 ≥3240            计划  1452.8151  紧急  232.8976  总  1685.7127 万元  紧急电量   376015.0  弃置    4576112.4
  A5 期末 ≥6480            计划  1463.9582  紧急  232.7106  总  1696.6688 万元  紧急电量   374569.0  弃置    4839460.0
  A6 期末 ≥9720            计划  1479.5973  紧急  232.8580  总  1712.4553 万元  紧急电量   374837.1  弃置    5204702.5

  基线校验：A0 = 1719.7084 万元  （应为 1719.7084；偏差 -0.000027）

  相对 A0 的差额与分解：
    A0 日循环 H=1（现状）         总   +0.0000 万元（计划  +0.0000，紧急  +0.0000）
    A1 跨日结转 H=2            总  -13.4725 万元（计划 -12.5225，紧急  -0.9500）
    A2 跨日结转 H=3            总  -13.4725 万元（计划 -12.5225，紧急  -0.9500）
    A3 期末自由 ≥1200          总  -31.0218 万元（计划 -34.4023，紧急  +3.3805）
    A4 期末 ≥3240            总  -33.9957 万元（计划 -33.2574，紧急  -0.7383）
    A5 期末 ≥6480            总  -23.0396 万元（计划 -22.1144，紧急  -0.9252）
    A6 期末 ≥9720            总   -7.2531 万元（计划  -6.4752，紧急  -0.7779）

  诊断 1：日初/日末 SOC 与计划向量差异
    变体                         日初SOC均值     日末SOC均值      日末标准差    日末=E_MAX天数   ‖b−b_A0‖/‖b_A0‖
    A0 日循环 H=1（现状）             10627.8     10627.1      570.3           177          0.000000
    A1 跨日结转 H=2                 9262.5      9255.3     1059.3            84          0.212064
    A2 跨日结转 H=3                 9262.5      9255.3     1059.3            84          0.212064
    A3 期末自由 ≥1200               3430.4      3401.6     3074.0             2          0.481922
    A4 期末 ≥3240                 5294.2      5271.4     2970.9             4          0.418541
    A5 期末 ≥6480                 7812.4      7799.0     1945.7            78          0.308035
    A6 期末 ≥9720                10060.8     10057.1      557.4           106          0.132699

  诊断 2：跨日结转是否真的发生（A1/A2 的日末 SOC 偏离 E_MAX 的天数）
    A1 跨日结转 H=2            偏离超 1 kWh 的天数  250 / 334；日末 SOC 中位 8689.5
    A2 跨日结转 H=3            偏离超 1 kWh 的天数  250 / 334；日末 SOC 中位 8689.5

  诊断 3：期末下限扫描下的弃置量（看是否用‘腾空间’换掉弃置）
    A0 日循环 H=1（现状）         弃置    5331570.7 kWh（  +0.0% vs A0）
    A1 跨日结转 H=2            弃置    5065729.6 kWh（  -5.0% vs A0）
    A2 跨日结转 H=3            弃置    5065729.6 kWh（  -5.0% vs A0）
    A3 期末自由 ≥1200          弃置    4535427.3 kWh（ -14.9% vs A0）
    A4 期末 ≥3240            弃置    4576112.4 kWh（ -14.2% vs A0）
    A5 期末 ≥6480            弃置    4839460.0 kWh（  -9.2% vs A0）
    A6 期末 ≥9720            弃置    5204702.5 kWh（  -2.4% vs A0）

  诊断 4：降低期末下限是否**恶化尾部风险**（A0 满电循环 vs 各下限）
    变体                        紧急>1000kWh天数         单日最大紧急费/万元      紧急费P99/万元        平均日首储备/kWh
    A0 日循环 H=1（现状）                      96             9.3353         7.3469           10627.8
    A1 跨日结转 H=2                         96             9.3353         7.3397            9262.5
    A2 跨日结转 H=3                         96             9.3353         7.3397            9262.5
    A3 期末自由 ≥1200                       96             9.5652         7.4978            3430.4
    A4 期末 ≥3240                         96             9.3520         7.3183            5294.2
    A5 期末 ≥6480                         96             9.3353         7.3174            7812.4
    A6 期末 ≥9720                         96             9.3353         7.3528           10060.8
    判读：若下限降低后‘大紧急天数/单日最坏’没有变差，说明**降低储备并未把风险转移到尾部**；
    但储备被长期维持在低位，本身就是**对预测误差更少的缓冲**——须在报告中作为风险取舍说明，不能只报费用下降。

  [参照] §16 公平 PI（完美日前预测）= 1229.1025 万元；V0 与 PI 差距 490.6059 万元
  ⇒ 最好变体 A4 期末 ≥3240 = 1685.7127 万元，相对 A0 -33.9957 万元，收回 PI 差距的 6.9%
  判读：若各变体与 A0 相差都在万元级以下 ⇒ **期末结构不是瓶颈**，瓶颈在预测（与 §16 的 PI 差距一致）。
