========================================================================================================
§31 V_dow + V6 价值反馈执行联合验证
========================================================================================================
  V_dow 日程（来自 §30）：
    m= 2  β=0.60  W=7  γ=0.25
    m= 3  β=0.60  W=7  γ=0.75
    m= 4  β=0.70  W=7  γ=1.00
    m= 5  β=0.70  W=7  γ=1.00
    m= 6  β=0.75  W=7  γ=1.00
    m= 7  β=0.75  W=7  γ=1.00
    m= 8  β=0.75  W=7  γ=1.00
    m= 9  β=0.75  W=7  γ=1.00
    m=10  β=0.75  W=7  γ=1.00
    m=11  β=0.75  W=7  γ=1.00
    m=12  β=0.75  W=7  γ=1.00

[0] 自检 V_dow = 1412.0619 万元
  V_dow 评价期 = 1412.0619 万元（应 ≈ 1412.0619）

[1] V_dow 预测 + V6 价值反馈执行（联合）
  V_dow_v6 评价期 = 1493.6252 万元
  Δ vs V_dow = +81.5633 万元
  Δ vs V6 = -88.0403 万元
  Δ vs V0 = -226.0832 万元

[2] 风险指标（评价期）
  方案                              计划        紧急         总    大紧急     P99     日均SOC    触底     年末SOC
  V_dow (must/max)         1324.2947   87.7673 1412.0619     44   3.599     10649   119     10689
  V_dow + V6 value         1324.3120  169.3133 1493.6252    128   3.339     10658   113     10689

[3] 与基线对比
  方案                             总/万元   Δ vs V0
  V0                        1719.7084   +0.0000
  V6                        1581.6655 -138.0429
  V_dow (must/max)          1412.0619 -307.6465
  V_dow + V6 value          1493.6252 -226.0832
  ⇒ 联合相对 V_dow（must/max）: +81.5633 万元  (未赢)
  ⇒ 联合相对 V6（V5 起点 + 价值反馈）: -88.0403 万元
  ⇒ 与外部 1356.64 差距: +136.9852 万元

结果已落盘：results/q2_dow_v6.json
总耗时 5s
