======================================================================================================
§37 N_DOW_HIST 联合 walk-forward（与 β/W/γ 同协议）
======================================================================================================
  β ∈ [0.7, 0.75] | W ∈ [7, 14] | γ ∈ [0.0, 0.5, 1.0] | N ∈ [4, 6, 10]
  候选数 = 36

[0] 自检 γ=0 + N=6 + β=0.70 + W=14 + cycle ⇒ V0 ≈ 1719.71
  γ=0, N=6, β=0.70, W=14 评价期 = 1719.7084 万元（应 ≈ 1719.7084）

[1] 全年回放 36 个候选
    β=0.70 完成（42s）
    β=0.75 完成（82s）

[2] (β, W, γ, N) 联合 walk-forward
     月    β*   W*   γ*  N*
     2  0.70    7 1.00   4
     3  0.70    7 1.00   4
     4  0.75    7 1.00   4
     5  0.75    7 1.00   4
     6  0.75    7 1.00   4
     7  0.75    7 1.00   4
     8  0.75    7 1.00   4
     9  0.75    7 1.00   4
    10  0.75    7 1.00   4
    11  0.75    7 1.00   4
    12  0.75    7 1.00   4

[3] 评价期回放
  V_dow_N (β, W, γ, N 联合日程) = 1395.6995 万元
  Δ vs V_dow = -16.3624 万元
  Δ vs V0    = -324.0089 万元

[4] 逐月 N* 分布
  N=4  : 11/11
  N=6  : 0/11
  N=10 : 0/11

[5] 与基线对比
  V_dow（§30, N=6 固定）= 1412.0619 万元
  V_dow_N（§37, N 联合）= 1395.6995 万元（Δ = -16.3624）
  ⇒ N 联合可降费 = 16.3624 万元

结果已落盘：results/q2_dow_N_joint.json
总耗时 84s
