========================================================================================================
§27 对采购有用的联合预测：三种场景构造对照
========================================================================================================
  评价期 334 天；场景数 K=16；同一 CD 求解器 + 同一 V6 起点 + 因果价值反馈部署
  高价（晚峰）窗口：15 区间/天（p≥p90）
  V6 基准 = 1581.6655 万元（对拍 1581.6655，差 -0.0000）

[对照] 三种场景构造（同一求解器与部署）
    [G1近期整日] d=31 累计 0s
    [G1近期整日] d=91 累计 3s
    [G1近期整日] d=151 累计 5s
    [G1近期整日] d=211 累计 8s
    [G1近期整日] d=271 累计 10s
    [G1近期整日] d=331 累计 13s
  G1近期整日       场景改进 +67.8527  实测总费 1645.4424  迁移 -63.7770  迁移比 -0.940
    [G2相似日匹配] d=31 累计 0s
    [G2相似日匹配] d=91 累计 3s
    [G2相似日匹配] d=151 累计 5s
    [G2相似日匹配] d=211 累计 8s
    [G2相似日匹配] d=271 累计 10s
    [G2相似日匹配] d=331 累计 13s
  G2相似日匹配      场景改进 +113.4365  实测总费 1691.0136  迁移 -109.3482  迁移比 -0.964
    [G3因果残差] d=31 累计 0s
    [G3因果残差] d=91 累计 3s
    [G3因果残差] d=151 累计 5s
    [G3因果残差] d=211 累计 8s
    [G3因果残差] d=271 累计 10s
    [G3因果残差] d=331 累计 12s
  G3因果残差       场景改进 +72.1884  实测总费 1637.8879  迁移 -56.2225  迁移比 -0.779
    [G4尾部增强残差] d=31 累计 0s
    [G4尾部增强残差] d=91 累计 3s
    [G4尾部增强残差] d=151 累计 5s
    [G4尾部增强残差] d=211 累计 8s
    [G4尾部增强残差] d=271 累计 10s
    [G4尾部增强残差] d=331 累计 13s
  G4尾部增强残差     场景改进 +136.2717  实测总费 1680.4727  迁移 -98.8072  迁移比 -0.725

========================================================================================================
场景构造对照表（迁移比越接近 +1 越好；覆盖指标越高越好）
========================================================================================================
  构造                  场景改进       实测总费       迁移     迁移比      晚峰覆盖       总需求偏差      形状相关
  G1近期整日           67.8527  1645.4424 -63.7770  -0.940     0.503      -128.8     0.981
  G2相似日匹配         113.4365  1691.0136-109.3482  -0.964     0.498       -14.6     0.982
  G3因果残差           72.1884  1637.8879 -56.2225  -0.779     0.500      -121.6     0.980
  G4尾部增强残差        136.2717  1680.4727 -98.8072  -0.725     0.623      5005.6     0.979

  参照 V6 = 1581.6655；迁移指标单位：万元；总需求偏差单位：kWh/天

结果已落盘：results/q2_scenario_quality.json   总耗时 59s
