======================================================================================================
§36 结构性采购微调（在 V_dow 的 b_base 上做基底修正）— 用户 Layer 2 剩余
======================================================================================================
  b_shift = clip(b_base + α·φ_k, 0, P_MAX)
  5 基函数 × 3 α ∈ [-100.0, 0.0, 100.0] = 15 候选
  其它：V_dow 联合日程 / must/max / 期末 geq2400
  候选数 = 15

[0] 加载 §30 的 V_dow 联合日程
  日程 11 月：
    月2: β=0.60 W=7 γ=0.25
    月3: β=0.60 W=7 γ=0.75
    月4: β=0.70 W=7 γ=1.00
    月5: β=0.70 W=7 γ=1.00
    月6: β=0.75 W=7 γ=1.00
    月7: β=0.75 W=7 γ=1.00
    月8: β=0.75 W=7 γ=1.00
    月9: β=0.75 W=7 γ=1.00
    月10: β=0.75 W=7 γ=1.00
    月11: β=0.75 W=7 γ=1.00
    月12: β=0.75 W=7 γ=1.00

[1] α=0 + V_dow b 基线 replay
  V_dow b_base（α=0） 评价期 = 1415.3677 万元（应 ≈ 1412.06）

[2] 全年回放 15 个 (basis, α) 候选
    peak_18-21 完成（9s）
    off_22-06 完成（16s）
    pre_peak_14-17 完成（22s）
    solar_10-14 完成（28s）
    morning_06-10 完成（35s）

[3] 评价期总费用（按 α 与 basis）
  basis               α=−100         α=0      α=+100      min−α0
  peak_18-21       2105.2280   1415.3677   1817.0353     +0.0000
  off_22-06        2370.2844   1415.3677   1719.4344     +0.0000
  pre_peak_14-17   2156.2843   1415.3677   1961.0589     +0.0000
  solar_10-14      2038.8299   1415.3677   1976.3117     +0.0000
  morning_06-10    2035.3105   1415.3677   1821.5742     +0.0000

[4] 全年最优点
  最优 (basis, α) = (peak_18-21, +0)
  评价期 = 1415.3677 万元（V_dow = 1412.0619, Δ = +3.3058）

  ⇒ 单基底单 α 修正**未超过** V_dow ⇒ LP 在 N̂ 上已最优
  ⇒ 任何 b 微调都会被 must/max 浪费或触发更多紧急费

结果已落盘：results/q2_struct_shift.json
总耗时 35s
