perl: warning: Setting locale failed.
perl: warning: Please check that your locale settings:
	LC_ALL = "C.UTF-8",
	LC_CTYPE = "C",
	LC_NUMERIC = "C",
	LC_COLLATE = "C",
	LC_TIME = (unset),
	LC_MONETARY = (unset),
	LANG = "en_US.UTF-8"
    are supported and installed on your system.
perl: warning: Falling back to a fallback locale ("en_US.UTF-8").
Initial Win CP for (console input, console output, system): (CP936, CP936, CP936)
I changed them all to CP936
Rc files read:
  .latexmkrc
Latexmk: This is Latexmk, John Collins, 15 June 2025. Version 4.87.
Latexmk: applying rule 'xelatex'...
Rule 'xelatex':  Reasons for rerun
Changed files or newly in use/created:
  backmatter/appendix.tex
Category 'changed_user':
  backmatter/appendix.tex

------------
Run number 1 of rule 'xelatex'
------------
------------
Running 'xelatex -interaction=nonstopmode -halt-on-error -file-line-error -synctex=1 -no-pdf -recorder  "main.tex"'
------------
This is XeTeX, Version 3.141592653-2.6-0.999998 (TeX Live 2026) (preloaded format=xelatex)
 restricted \write18 enabled.
entering extended mode
(./main.tex
LaTeX2e <2025-11-01>
L3 programming layer <2026-01-19>
(c:/texlive/2026/texmf-dist/tex/latex/ctex/ctexart.cls
(c:/texlive/2026/texmf-dist/tex/latex/ctex/config/ctexbackend.cfg)
(c:/texlive/2026/texmf-dist/tex/latex/l3kernel/expl3.sty
(c:/texlive/2026/texmf-dist/tex/latex/l3backend/l3backend-xetex.def))
Document Class: ctexart 2022/07/14 v2.5.10 Chinese adapter for class article (C
TEX)
(c:/texlive/2026/texmf-dist/tex/latex/ctex/ctexhook.sty)
(c:/texlive/2026/texmf-dist/tex/latex/ctex/ctexpatch.sty)
(c:/texlive/2026/texmf-dist/tex/latex/base/fix-cm.sty
(c:/texlive/2026/texmf-dist/tex/latex/base/ts1enc.def))
(c:/texlive/2026/texmf-dist/tex/latex/ctex/config/ctexopts.cfg)
(c:/texlive/2026/texmf-dist/tex/latex/base/article.cls
Document Class: article 2025/01/22 v1.4n Standard LaTeX document class
(c:/texlive/2026/texmf-dist/tex/latex/base/size12.clo))
(c:/texlive/2026/texmf-dist/tex/latex/ctex/engine/ctex-engine-xetex.def
(c:/texlive/2026/texmf-dist/tex/xelatex/xecjk/xeCJK.sty
(c:/texlive/2026/texmf-dist/tex/latex/l3packages/xtemplate/xtemplate.sty)
(c:/texlive/2026/texmf-dist/tex/latex/fontspec/fontspec.sty
(c:/texlive/2026/texmf-dist/tex/latex/l3packages/xparse/xparse.sty)
(c:/texlive/2026/texmf-dist/tex/latex/fontspec/fontspec-xetex.sty
(c:/texlive/2026/texmf-dist/tex/latex/base/fontenc.sty)
(c:/texlive/2026/texmf-dist/tex/latex/fontspec/fontspec.cfg)))
(c:/texlive/2026/texmf-dist/tex/xelatex/xecjk/xeCJK.cfg)))
(c:/texlive/2026/texmf-dist/tex/latex/zhnumber/zhnumber.sty
(c:/texlive/2026/texmf-dist/tex/latex/zhnumber/zhnumber-utf8.cfg))
(c:/texlive/2026/texmf-dist/tex/latex/ctex/scheme/ctex-scheme-chinese-article.d
ef (c:/texlive/2026/texmf-dist/tex/latex/ctex/config/ctex-name-utf8.cfg))
(c:/texlive/2026/texmf-dist/tex/latex/ctex/ctex-cs4size.clo)
(c:/texlive/2026/texmf-dist/tex/latex/ctex/fontset/ctex-fontset-windows.def))
(c:/texlive/2026/texmf-dist/tex/latex/ctex/config/ctex.cfg)
(./preamble/packages.tex (./cumcm2026.sty
(c:/texlive/2026/texmf-dist/tex/latex/geometry/geometry.sty
(c:/texlive/2026/texmf-dist/tex/latex/graphics/keyval.sty)
(c:/texlive/2026/texmf-dist/tex/generic/iftex/ifvtex.sty
(c:/texlive/2026/texmf-dist/tex/generic/iftex/iftex.sty)))
(c:/texlive/2026/texmf-dist/tex/latex/amsmath/amsmath.sty
For additional information on amsmath, use the `?' option.
(c:/texlive/2026/texmf-dist/tex/latex/amsmath/amstext.sty
(c:/texlive/2026/texmf-dist/tex/latex/amsmath/amsgen.sty))
(c:/texlive/2026/texmf-dist/tex/latex/amsmath/amsbsy.sty)
(c:/texlive/2026/texmf-dist/tex/latex/amsmath/amsopn.sty))
(c:/texlive/2026/texmf-dist/tex/latex/amsfonts/amssymb.sty
(c:/texlive/2026/texmf-dist/tex/latex/amsfonts/amsfonts.sty))
(c:/texlive/2026/texmf-dist/tex/latex/amscls/amsthm.sty)
(c:/texlive/2026/texmf-dist/tex/latex/mathtools/mathtools.sty
(c:/texlive/2026/texmf-dist/tex/latex/tools/calc.sty)
(c:/texlive/2026/texmf-dist/tex/latex/mathtools/mhsetup.sty))
(c:/texlive/2026/texmf-dist/tex/latex/graphics/graphicx.sty
(c:/texlive/2026/texmf-dist/tex/latex/graphics/graphics.sty
(c:/texlive/2026/texmf-dist/tex/latex/graphics/trig.sty)
(c:/texlive/2026/texmf-dist/tex/latex/graphics-cfg/graphics.cfg)
(c:/texlive/2026/texmf-dist/tex/latex/graphics-def/xetex.def)))
(c:/texlive/2026/texmf-dist/tex/latex/booktabs/booktabs.sty)
(c:/texlive/2026/texmf-dist/tex/latex/tools/tabularx.sty
(c:/texlive/2026/texmf-dist/tex/latex/tools/array.sty))
(c:/texlive/2026/texmf-dist/tex/latex/multirow/multirow.sty)
(c:/texlive/2026/texmf-dist/tex/latex/float/float.sty)
(c:/texlive/2026/texmf-dist/tex/latex/caption/caption.sty
(c:/texlive/2026/texmf-dist/tex/latex/caption/caption3.sty))
(c:/texlive/2026/texmf-dist/tex/latex/enumitem/enumitem.sty)
(c:/texlive/2026/texmf-dist/tex/latex/xcolor/xcolor.sty
(c:/texlive/2026/texmf-dist/tex/latex/graphics-cfg/color.cfg)
(c:/texlive/2026/texmf-dist/tex/latex/graphics/mathcolor.ltx))
(c:/texlive/2026/texmf-dist/tex/latex/listings/listings.sty
(c:/texlive/2026/texmf-dist/tex/latex/listings/lstpatch.sty)
(c:/texlive/2026/texmf-dist/tex/latex/listings/lstmisc.sty)
(c:/texlive/2026/texmf-dist/tex/latex/listings/listings.cfg))
(c:/texlive/2026/texmf-dist/tex/xelatex/xecjk/xeCJK-listings.sty)
==> First Aid for listings.sty no longer applied!
    Expected:
        2024/09/23 1.10c (Carsten Heinz)
    but found:
        2025/11/14 1.11b (Carsten Heinz)
    so I'm assuming it got fixed.
(c:/texlive/2026/texmf-dist/tex/latex/fancyhdr/fancyhdr.sty)
(c:/texlive/2026/texmf-dist/tex/latex/hyperref/hyperref.sty
(c:/texlive/2026/texmf-dist/tex/latex/kvsetkeys/kvsetkeys.sty)
(c:/texlive/2026/texmf-dist/tex/generic/kvdefinekeys/kvdefinekeys.sty)
(c:/texlive/2026/texmf-dist/tex/generic/pdfescape/pdfescape.sty
(c:/texlive/2026/texmf-dist/tex/generic/ltxcmds/ltxcmds.sty)
(c:/texlive/2026/texmf-dist/tex/generic/pdftexcmds/pdftexcmds.sty
(c:/texlive/2026/texmf-dist/tex/generic/infwarerr/infwarerr.sty)))
(c:/texlive/2026/texmf-dist/tex/latex/hycolor/hycolor.sty)
(c:/texlive/2026/texmf-dist/tex/latex/hyperref/nameref.sty
(c:/texlive/2026/texmf-dist/tex/latex/refcount/refcount.sty)
(c:/texlive/2026/texmf-dist/tex/generic/gettitlestring/gettitlestring.sty
(c:/texlive/2026/texmf-dist/tex/latex/kvoptions/kvoptions.sty)))
(c:/texlive/2026/texmf-dist/tex/latex/etoolbox/etoolbox.sty)
(c:/texlive/2026/texmf-dist/tex/generic/stringenc/stringenc.sty)
(c:/texlive/2026/texmf-dist/tex/latex/hyperref/pd1enc.def)
(c:/texlive/2026/texmf-dist/tex/generic/intcalc/intcalc.sty)
(c:/texlive/2026/texmf-dist/tex/latex/hyperref/puenc.def)
(c:/texlive/2026/texmf-dist/tex/latex/url/url.sty)
(c:/texlive/2026/texmf-dist/tex/generic/bitset/bitset.sty
(c:/texlive/2026/texmf-dist/tex/generic/bigintcalc/bigintcalc.sty)))
(c:/texlive/2026/texmf-dist/tex/latex/hyperref/hxetex.def
(c:/texlive/2026/texmf-dist/tex/latex/rerunfilecheck/rerunfilecheck.sty
(c:/texlive/2026/texmf-dist/tex/generic/uniquecounter/uniquecounter.sty)))))
(c:/texlive/2026/texmf-dist/tex/latex/fancyvrb/fancyvrb.sty)
(./preamble/fonts.tex) (./preamble/layout.tex) (./main.aux)
*geometry* driver: auto-detecting
*geometry* detected driver: xetex
(./main.out) (./main.out) (./sections/00-abstract.tex
(c:/texlive/2026/texmf-dist/tex/latex/amsfonts/umsa.fd)
(c:/texlive/2026/texmf-dist/tex/latex/amsfonts/umsb.fd) [1])
(./sections/01-restatement.tex) (./sections/02-analysis.tex [2] [3])
(./sections/03-assumptions.tex [4] [5] [6]) (./sections/04-problem1.tex
[7] [8] [9] [10] [11]) (./sections/05-problem2-model.tex [12] [13] [14]
[15] [16]) (./sections/06-problem2-results.tex [17] [18] [19] [20] [21]
[22] [23] [24]) (./sections/07-problem3.tex [25] [26] [27] [28] [29] [30]
[31]) (./sections/08-problem4.tex [32] [33] [34] [35] [36] [37] [38] [39]
[40] [41] [42] [43] [44] [45]) (./sections/09-evaluation.tex [46]) [47]
[48] (./backmatter/declaration.tex) [49] (./backmatter/references.tex)
(./backmatter/appendix.tex [50] [51] [52] [53] [54] [55] [56] [57] [58]
[59]) [60] (./main.aux) )
Output written on main.xdv (60 pages, 941808 bytes).
SyncTeX written on main.synctex.gz.

Transcript written on main.log.
Latexmk: Getting log file 'main.log'
Latexmk: Examining 'main.fls'
Latexmk: Examining 'main.log'
Latexmk: Log file says output to 'main.xdv'
Latexmk: Using bibtex to make bibliography file(s).
Latexmk: applying rule 'xelatex'...
Rule 'xelatex':  Reasons for rerun
Changed files or newly in use/created:
  main.aux

------------
Run number 2 of rule 'xelatex'
------------
------------
Running 'xelatex -interaction=nonstopmode -halt-on-error -file-line-error -synctex=1 -no-pdf -recorder  "main.tex"'
------------
This is XeTeX, Version 3.141592653-2.6-0.999998 (TeX Live 2026) (preloaded format=xelatex)
 restricted \write18 enabled.
entering extended mode
(./main.tex
LaTeX2e <2025-11-01>
L3 programming layer <2026-01-19>
(c:/texlive/2026/texmf-dist/tex/latex/ctex/ctexart.cls
(c:/texlive/2026/texmf-dist/tex/latex/ctex/config/ctexbackend.cfg)
(c:/texlive/2026/texmf-dist/tex/latex/l3kernel/expl3.sty
(c:/texlive/2026/texmf-dist/tex/latex/l3backend/l3backend-xetex.def))
Document Class: ctexart 2022/07/14 v2.5.10 Chinese adapter for class article (C
TEX)
(c:/texlive/2026/texmf-dist/tex/latex/ctex/ctexhook.sty)
(c:/texlive/2026/texmf-dist/tex/latex/ctex/ctexpatch.sty)
(c:/texlive/2026/texmf-dist/tex/latex/base/fix-cm.sty
(c:/texlive/2026/texmf-dist/tex/latex/base/ts1enc.def))
(c:/texlive/2026/texmf-dist/tex/latex/ctex/config/ctexopts.cfg)
(c:/texlive/2026/texmf-dist/tex/latex/base/article.cls
Document Class: article 2025/01/22 v1.4n Standard LaTeX document class
(c:/texlive/2026/texmf-dist/tex/latex/base/size12.clo))
(c:/texlive/2026/texmf-dist/tex/latex/ctex/engine/ctex-engine-xetex.def
(c:/texlive/2026/texmf-dist/tex/xelatex/xecjk/xeCJK.sty
(c:/texlive/2026/texmf-dist/tex/latex/l3packages/xtemplate/xtemplate.sty)
(c:/texlive/2026/texmf-dist/tex/latex/fontspec/fontspec.sty
(c:/texlive/2026/texmf-dist/tex/latex/l3packages/xparse/xparse.sty)
(c:/texlive/2026/texmf-dist/tex/latex/fontspec/fontspec-xetex.sty
(c:/texlive/2026/texmf-dist/tex/latex/base/fontenc.sty)
(c:/texlive/2026/texmf-dist/tex/latex/fontspec/fontspec.cfg)))
(c:/texlive/2026/texmf-dist/tex/xelatex/xecjk/xeCJK.cfg)))
(c:/texlive/2026/texmf-dist/tex/latex/zhnumber/zhnumber.sty
(c:/texlive/2026/texmf-dist/tex/latex/zhnumber/zhnumber-utf8.cfg))
(c:/texlive/2026/texmf-dist/tex/latex/ctex/scheme/ctex-scheme-chinese-article.d
ef (c:/texlive/2026/texmf-dist/tex/latex/ctex/config/ctex-name-utf8.cfg))
(c:/texlive/2026/texmf-dist/tex/latex/ctex/ctex-cs4size.clo)
(c:/texlive/2026/texmf-dist/tex/latex/ctex/fontset/ctex-fontset-windows.def))
(c:/texlive/2026/texmf-dist/tex/latex/ctex/config/ctex.cfg)
(./preamble/packages.tex (./cumcm2026.sty
(c:/texlive/2026/texmf-dist/tex/latex/geometry/geometry.sty
(c:/texlive/2026/texmf-dist/tex/latex/graphics/keyval.sty)
(c:/texlive/2026/texmf-dist/tex/generic/iftex/ifvtex.sty
(c:/texlive/2026/texmf-dist/tex/generic/iftex/iftex.sty)))
(c:/texlive/2026/texmf-dist/tex/latex/amsmath/amsmath.sty
For additional information on amsmath, use the `?' option.
(c:/texlive/2026/texmf-dist/tex/latex/amsmath/amstext.sty
(c:/texlive/2026/texmf-dist/tex/latex/amsmath/amsgen.sty))
(c:/texlive/2026/texmf-dist/tex/latex/amsmath/amsbsy.sty)
(c:/texlive/2026/texmf-dist/tex/latex/amsmath/amsopn.sty))
(c:/texlive/2026/texmf-dist/tex/latex/amsfonts/amssymb.sty
(c:/texlive/2026/texmf-dist/tex/latex/amsfonts/amsfonts.sty))
(c:/texlive/2026/texmf-dist/tex/latex/amscls/amsthm.sty)
(c:/texlive/2026/texmf-dist/tex/latex/mathtools/mathtools.sty
(c:/texlive/2026/texmf-dist/tex/latex/tools/calc.sty)
(c:/texlive/2026/texmf-dist/tex/latex/mathtools/mhsetup.sty))
(c:/texlive/2026/texmf-dist/tex/latex/graphics/graphicx.sty
(c:/texlive/2026/texmf-dist/tex/latex/graphics/graphics.sty
(c:/texlive/2026/texmf-dist/tex/latex/graphics/trig.sty)
(c:/texlive/2026/texmf-dist/tex/latex/graphics-cfg/graphics.cfg)
(c:/texlive/2026/texmf-dist/tex/latex/graphics-def/xetex.def)))
(c:/texlive/2026/texmf-dist/tex/latex/booktabs/booktabs.sty)
(c:/texlive/2026/texmf-dist/tex/latex/tools/tabularx.sty
(c:/texlive/2026/texmf-dist/tex/latex/tools/array.sty))
(c:/texlive/2026/texmf-dist/tex/latex/multirow/multirow.sty)
(c:/texlive/2026/texmf-dist/tex/latex/float/float.sty)
(c:/texlive/2026/texmf-dist/tex/latex/caption/caption.sty
(c:/texlive/2026/texmf-dist/tex/latex/caption/caption3.sty))
(c:/texlive/2026/texmf-dist/tex/latex/enumitem/enumitem.sty)
(c:/texlive/2026/texmf-dist/tex/latex/xcolor/xcolor.sty
(c:/texlive/2026/texmf-dist/tex/latex/graphics-cfg/color.cfg)
(c:/texlive/2026/texmf-dist/tex/latex/graphics/mathcolor.ltx))
(c:/texlive/2026/texmf-dist/tex/latex/listings/listings.sty
(c:/texlive/2026/texmf-dist/tex/latex/listings/lstpatch.sty)
(c:/texlive/2026/texmf-dist/tex/latex/listings/lstmisc.sty)
(c:/texlive/2026/texmf-dist/tex/latex/listings/listings.cfg))
(c:/texlive/2026/texmf-dist/tex/xelatex/xecjk/xeCJK-listings.sty)
==> First Aid for listings.sty no longer applied!
    Expected:
        2024/09/23 1.10c (Carsten Heinz)
    but found:
        2025/11/14 1.11b (Carsten Heinz)
    so I'm assuming it got fixed.
(c:/texlive/2026/texmf-dist/tex/latex/fancyhdr/fancyhdr.sty)
(c:/texlive/2026/texmf-dist/tex/latex/hyperref/hyperref.sty
(c:/texlive/2026/texmf-dist/tex/latex/kvsetkeys/kvsetkeys.sty)
(c:/texlive/2026/texmf-dist/tex/generic/kvdefinekeys/kvdefinekeys.sty)
(c:/texlive/2026/texmf-dist/tex/generic/pdfescape/pdfescape.sty
(c:/texlive/2026/texmf-dist/tex/generic/ltxcmds/ltxcmds.sty)
(c:/texlive/2026/texmf-dist/tex/generic/pdftexcmds/pdftexcmds.sty
(c:/texlive/2026/texmf-dist/tex/generic/infwarerr/infwarerr.sty)))
(c:/texlive/2026/texmf-dist/tex/latex/hycolor/hycolor.sty)
(c:/texlive/2026/texmf-dist/tex/latex/hyperref/nameref.sty
(c:/texlive/2026/texmf-dist/tex/latex/refcount/refcount.sty)
(c:/texlive/2026/texmf-dist/tex/generic/gettitlestring/gettitlestring.sty
(c:/texlive/2026/texmf-dist/tex/latex/kvoptions/kvoptions.sty)))
(c:/texlive/2026/texmf-dist/tex/latex/etoolbox/etoolbox.sty)
(c:/texlive/2026/texmf-dist/tex/generic/stringenc/stringenc.sty)
(c:/texlive/2026/texmf-dist/tex/latex/hyperref/pd1enc.def)
(c:/texlive/2026/texmf-dist/tex/generic/intcalc/intcalc.sty)
(c:/texlive/2026/texmf-dist/tex/latex/hyperref/puenc.def)
(c:/texlive/2026/texmf-dist/tex/latex/url/url.sty)
(c:/texlive/2026/texmf-dist/tex/generic/bitset/bitset.sty
(c:/texlive/2026/texmf-dist/tex/generic/bigintcalc/bigintcalc.sty)))
(c:/texlive/2026/texmf-dist/tex/latex/hyperref/hxetex.def
(c:/texlive/2026/texmf-dist/tex/latex/rerunfilecheck/rerunfilecheck.sty
(c:/texlive/2026/texmf-dist/tex/generic/uniquecounter/uniquecounter.sty)))))
(c:/texlive/2026/texmf-dist/tex/latex/fancyvrb/fancyvrb.sty)
(./preamble/fonts.tex) (./preamble/layout.tex) (./main.aux)
*geometry* driver: auto-detecting
*geometry* detected driver: xetex
(./main.out) (./main.out) (./sections/00-abstract.tex
(c:/texlive/2026/texmf-dist/tex/latex/amsfonts/umsa.fd)
(c:/texlive/2026/texmf-dist/tex/latex/amsfonts/umsb.fd) [1])
(./sections/01-restatement.tex) (./sections/02-analysis.tex [2] [3])
(./sections/03-assumptions.tex [4] [5] [6]) (./sections/04-problem1.tex
[7] [8] [9] [10] [11]) (./sections/05-problem2-model.tex [12] [13] [14]
[15] [16]) (./sections/06-problem2-results.tex [17] [18] [19] [20] [21]
[22] [23] [24]) (./sections/07-problem3.tex [25] [26] [27] [28] [29] [30]
[31]) (./sections/08-problem4.tex [32] [33] [34] [35] [36] [37] [38] [39]
[40] [41] [42] [43] [44] [45]) (./sections/09-evaluation.tex [46]) [47]
[48] (./backmatter/declaration.tex) [49] (./backmatter/references.tex)
(./backmatter/appendix.tex [50] [51] [52] [53] [54] [55] [56] [57] [58]
[59]) [60] (./main.aux) )
Output written on main.xdv (60 pages, 941808 bytes).
SyncTeX written on main.synctex.gz.

Transcript written on main.log.
Latexmk: Getting log file 'main.log'
Latexmk: Examining 'main.fls'
Latexmk: Examining 'main.log'
Latexmk: Log file says output to 'main.xdv'
Latexmk: Using bibtex to make bibliography file(s).
Latexmk: applying rule 'xdvipdfmx'...
Rule 'xdvipdfmx':  Reasons for rerun
Changed files or newly in use/created:
  main.xdv
Category 'changed_source_rules':
  xelatex

------------
Run number 1 of rule 'xdvipdfmx'
------------
------------
Running 'xdvipdfmx -E -o "main.pdf"  "main.xdv"'
------------
main.xdv -> main.pdf
[1][2][3][4][5][6][7][8][9][10][11][12][13][14][15][16][17][18][19][20][21][22][23][24][25][26][27][28][29][30][31][32][33][34][35][36][37][38][39][40][41][42][43][44][45][46][47][48][49][50][51][52][53][54][55][56][57][58][59][60]
1910045 bytes written
Latexmk: All targets (main.xdv main.pdf) are up-to-date

