\BOOKMARK [1][-]{section.1}{\376\377\225\356\230\230\221\315\217\360}{}% 1
\BOOKMARK [2][-]{subsection.1.1}{\376\377\225\356\230\230\200\314\146\157}{section.1}% 2
\BOOKMARK [2][-]{subsection.1.2}{\376\377\225\356\230\230\116\000}{section.1}% 3
\BOOKMARK [2][-]{subsection.1.3}{\376\377\225\356\230\230\116\214}{section.1}% 4
\BOOKMARK [2][-]{subsection.1.4}{\376\377\225\356\230\230\116\011}{section.1}% 5
\BOOKMARK [2][-]{subsection.1.5}{\376\377\225\356\230\230\126\333\377\010\137\205\210\145\121\105\377\011}{section.1}% 6
\BOOKMARK [1][-]{section.2}{\376\377\225\356\230\230\122\006\147\220}{}% 7
\BOOKMARK [2][-]{subsection.2.1}{\376\377\225\356\230\230\116\000\377\032\145\366\153\265\217\154\171\373\116\016\133\314\117\131\124\070\145\066}{section.2}% 8
\BOOKMARK [2][-]{subsection.2.2}{\376\377\225\356\230\230\116\214\377\032\116\015\133\371\171\360\116\343\116\367\116\013\166\204\136\217\215\057\121\263\173\126}{section.2}% 9
\BOOKMARK [2][-]{subsection.2.3}{\376\377\225\356\230\230\116\011\377\032\117\341\140\157\130\236\122\240\116\016\214\003\145\164\147\072\117\032\166\204\116\367\120\074\217\250\147\220}{section.2}% 10
\BOOKMARK [1][-]{section.3}{\376\377\152\041\127\213\120\107\213\276\116\016\173\046\123\367\213\364\146\016}{}% 11
\BOOKMARK [2][-]{subsection.3.1}{\376\377\152\041\127\213\120\107\213\276}{section.3}% 12
\BOOKMARK [2][-]{subsection.3.2}{\376\377\145\366\225\364\171\273\145\143\123\343\137\204}{section.3}% 13
\BOOKMARK [2][-]{subsection.3.3}{\376\377\147\057\213\355\176\246\133\232}{section.3}% 14
\BOOKMARK [2][-]{subsection.3.4}{\376\377\173\046\123\367\213\364\146\016}{section.3}% 15
\BOOKMARK [1][-]{section.4}{\376\377\225\356\230\230\116\000\377\032\170\156\133\232\140\047\145\345\214\003\136\246\152\041\127\213\166\204\136\372\172\313\116\016\154\102\211\343}{}% 16
\BOOKMARK [2][-]{subsection.4.1}{\376\377\121\263\173\126\123\330\221\317\116\016\166\356\150\007\121\375\145\160}{section.4}% 17
\BOOKMARK [2][-]{subsection.4.2}{\376\377\176\246\147\137\147\141\116\366}{section.4}% 18
\BOOKMARK [2][-]{subsection.4.3}{\376\377\121\105\145\076\165\065\116\222\145\245\176\246\147\137\166\204\147\176\137\033\174\276\170\156\140\047}{section.4}% 19
\BOOKMARK [2][-]{subsection.4.4}{\376\377\154\102\211\343\155\101\172\013\116\016\145\160\120\074\150\041\232\214}{section.4}% 20
\BOOKMARK [2][-]{subsection.4.5}{\376\377\176\323\147\234\122\006\147\220}{section.4}% 21
\BOOKMARK [3][-]{subsubsection.4.5.1}{\376\377\147\000\117\030\215\055\165\065\116\016\120\250\200\375\214\003\136\246\176\323\147\234}{subsection.4.5}% 22
\BOOKMARK [3][-]{subsubsection.4.5.2}{\376\377\116\016\145\340\120\250\200\375\127\372\121\306\166\204\176\317\155\116\140\047\153\324\217\203}{subsection.4.5}% 23
\BOOKMARK [3][-]{subsubsection.4.5.3}{\376\377\133\271\221\317\116\016\122\237\163\207\166\204\145\117\141\037\140\047\122\006\147\220}{subsection.4.5}% 24
\BOOKMARK [1][-]{section.5}{\376\377\225\356\230\230\116\214\377\032\116\015\170\156\133\232\147\141\116\366\116\013\136\217\215\057\121\263\173\126\152\041\127\213\166\204\136\372\172\313\116\016\154\102\211\343}{}% 25
\BOOKMARK [2][-]{subsection.5.1}{\376\377\116\011\134\102\156\332\122\250\121\263\173\126\150\106\147\266}{section.5}% 26
\BOOKMARK [2][-]{subsection.5.2}{\376\377\230\204\155\113\134\102\377\032\146\037\147\037\120\117\135\356\150\041\153\143\166\204\122\006\136\003\230\204\155\113}{section.5}% 27
\BOOKMARK [2][-]{subsection.5.3}{\376\377\123\302\145\160\220\011\123\326\377\032\220\020\147\010\000\040\000w\000a\000l\000k\000-\000f\000o\000r\000w\000a\000r\000d\000\040\123\117\213\256}{section.5}% 28
\BOOKMARK [2][-]{subsection.5.4}{\376\377\213\241\122\022\134\102\377\032\145\345\137\252\163\257\176\277\140\047\211\304\122\022}{section.5}% 29
\BOOKMARK [2][-]{subsection.5.5}{\376\377\142\147\210\114\134\102\377\032\134\075\226\120\121\105\145\076\165\065\116\016\176\323\173\227}{section.5}% 30
\BOOKMARK [2][-]{subsection.5.6}{\376\377\133\214\177\216\117\341\140\157\123\302\161\147\145\271\150\110\377\010\116\015\123\357\133\236\145\275\377\011}{section.5}% 31
\BOOKMARK [2][-]{subsection.5.7}{\376\377\154\102\211\343\155\101\172\013\116\016\145\160\120\074\150\041\232\214}{section.5}% 32
\BOOKMARK [1][-]{section.6}{\376\377\225\356\230\230\116\214\166\204\176\323\147\234\122\006\147\220}{}% 33
\BOOKMARK [2][-]{subsection.6.1}{\376\377\213\304\116\367\147\037\140\073\215\071\165\050\116\016\147\204\142\020}{section.6}% 34
\BOOKMARK [2][-]{subsection.6.2}{\376\377\143\007\133\232\145\345\147\037\166\204\214\003\136\246\176\323\147\234}{section.6}% 35
\BOOKMARK [2][-]{subsection.6.3}{\376\377\121\150\136\164\217\320\210\114\137\142\140\001\116\016\220\020\147\010\215\071\165\050}{section.6}% 36
\BOOKMARK [2][-]{subsection.6.4}{\376\377\175\047\140\045\215\055\165\065\116\016\230\316\226\151\176\323\147\204}{section.6}% 37
\BOOKMARK [2][-]{subsection.6.5}{\376\377\145\271\150\110\133\371\161\147\116\016\147\141\116\366\155\210\207\215}{section.6}% 38
\BOOKMARK [1][-]{section.7}{\376\377\225\356\230\230\116\011\377\032\131\032\145\366\122\073\230\204\142\245\116\013\156\332\122\250\124\010\124\014\214\003\145\164\152\041\127\213\166\204\136\372\172\313\116\016\154\102\211\343}{}% 39
\BOOKMARK [2][-]{subsection.7.1}{\376\377\117\341\140\157\176\323\147\204\116\016\176\323\173\227\211\304\122\031}{section.7}% 40
\BOOKMARK [2][-]{subsection.7.2}{\376\377\230\204\142\245\220\032\220\123\116\016\121\300\215\037\217\175\230\204\155\113}{section.7}% 41
\BOOKMARK [2][-]{subsection.7.3}{\376\377\214\003\145\164\134\102\377\032\136\046\123\314\124\021\217\335\176\246\116\367\166\204\122\151\117\131\145\366\153\265\176\277\140\047\211\304\122\022}{section.7}% 42
\BOOKMARK [2][-]{subsection.7.4}{\376\377\116\044\176\364\133\371\161\147\377\032\214\003\145\164\147\072\117\032\116\016\000\040\0000\000:\0000\0000\000\040\230\204\142\245\220\032\220\123}{section.7}% 43
\BOOKMARK [2][-]{subsection.7.5}{\376\377\116\073\145\271\150\110\166\204\145\345\121\205\137\142\140\001\116\016\220\020\147\010\215\071\165\050}{section.7}% 44
\BOOKMARK [2][-]{subsection.7.6}{\376\377\121\166\116\326\145\366\122\073\230\204\142\245\166\204\137\025\121\145\137\305\211\201\140\047}{section.7}% 45
\BOOKMARK [3][-]{subsubsection.7.6.1}{\376\377\230\204\142\245\174\276\136\246\166\204\145\071\125\204}{subsection.7.6}% 46
\BOOKMARK [3][-]{subsubsection.7.6.2}{\376\377\140\073\215\071\165\050\166\204\116\012\123\107}{subsection.7.6}% 47
\BOOKMARK [3][-]{subsubsection.7.6.3}{\376\377\220\020\121\263\173\126\160\271\201\352\220\002\136\224\225\350\143\247\166\204\176\323\147\234}{subsection.7.6}% 48
\BOOKMARK [3][-]{subsubsection.7.6.4}{\376\377\134\017\176\323}{subsection.7.6}% 49
\BOOKMARK [1][-]{section.8}{\376\377\225\356\230\230\126\333\377\032\154\342\122\250\165\065\116\367\116\013\166\204\152\041\127\213\136\372\172\313\116\016\154\102\211\343\377\010\137\205\210\145\121\105\377\011}{}% 50
\BOOKMARK [1][-]{section.9}{\376\377\152\041\127\213\213\304\116\367\116\016\145\071\217\333\377\010\225\356\230\230\116\000\060\001\116\214\060\001\116\011\377\011}{}% 51
\BOOKMARK [2][-]{subsection.9.1}{\376\377\152\041\127\213\117\030\160\271}{section.9}% 52
\BOOKMARK [2][-]{subsection.9.2}{\376\377\152\041\127\213\134\100\226\120\116\016\145\071\217\333\145\271\124\021}{section.9}% 53
\BOOKMARK [1][-]{appendix.A}{\376\377\145\057\144\221\147\120\145\231\145\207\116\366\122\027\210\150}{}% 54
\BOOKMARK [1][-]{appendix.B}{\376\377\150\070\137\303\172\013\136\217}{}% 55
\BOOKMARK [2][-]{subsection.B.1}{\376\377\225\356\230\230\116\000\377\032\176\277\140\047\211\304\122\022\210\305\221\115\060\001\154\102\211\343\116\016\162\354\172\313\131\015\150\070}{appendix.B}% 56
\BOOKMARK [2][-]{subsection.B.2}{\376\377\225\356\230\230\116\214\377\032\230\204\155\113\040\024\213\241\122\022\040\024\142\147\210\114\116\011\134\102\150\106\147\266\150\070\137\303\116\343\170\001}{appendix.B}% 57
